2026-03-07 18:11:36,841 - go-pharmacy - INFO - Initializing Qdrant collection for symptoms...
2026-03-07 18:15:52,280 - go-pharmacy - INFO - Successfully loaded 11825 points into Qdrant symptoms collection.
2026-03-07 18:15:52,291 - go-pharmacy - INFO - Starting AI Pharmacy Locator API...
2026-03-07 18:15:52,354 - go-pharmacy - INFO - Shutting down AI Pharmacy Locator API...
2026-03-07 18:16:06,769 - go-pharmacy - INFO - Initializing Qdrant collection for tablet recognition...
2026-03-07 18:18:29,960 - go-pharmacy - INFO - Qdrant symptoms collection already exists.
2026-03-07 18:18:29,990 - go-pharmacy - INFO - Starting AI Pharmacy Locator API...
2026-03-07 18:18:30,149 - go-pharmacy - INFO - Shutting down AI Pharmacy Locator API...
2026-03-07 18:19:29,425 - go-pharmacy - INFO - Qdrant symptoms collection already exists.
2026-03-07 18:19:29,448 - go-pharmacy - INFO - Starting AI Pharmacy Locator API...
2026-03-07 18:23:33,512 - go-pharmacy - INFO - Qdrant symptoms collection already exists.
2026-03-07 18:23:33,527 - go-pharmacy - INFO - Starting AI Pharmacy Locator API...
2026-03-07 18:29:34,820 - go-pharmacy - INFO - Initializing Qdrant collection for tablet recognition...
2026-03-07 18:29:46,667 - go-pharmacy - INFO - Initializing Qdrant collection for symptoms...
2026-03-07 18:30:21,522 - go-pharmacy - ERROR - Error initializing Qdrant: [WinError 10054] An existing connection was forcibly closed by the remote host
2026-03-07 18:30:21,542 - go-pharmacy - INFO - Starting AI Pharmacy Locator API...
2026-03-07 18:36:03,914 - go-pharmacy - INFO - TabletRecognizerService initialized (Connected to Qdrant Cloud: tablets)
2026-03-07 18:36:08,632 - go-pharmacy - INFO - SymptomSearchService initialized (Connected to Qdrant Cloud: symptoms)
2026-03-07 18:36:08,648 - go-pharmacy - INFO - Starting AI Pharmacy Locator API...
2026-03-07 18:40:08,317 - go-pharmacy - INFO - Shutting down AI Pharmacy Locator API...
2026-03-07 18:40:28,436 - go-pharmacy - INFO - TabletRecognizerService initialized (Connected to Qdrant Cloud: tablets)
2026-03-07 18:40:33,049 - go-pharmacy - INFO - SymptomSearchService initialized (Connected to Qdrant Cloud: symptoms)
2026-03-07 18:40:33,061 - go-pharmacy - INFO - Starting AI Pharmacy Locator API...
2026-03-07 18:40:33,136 - go-pharmacy - INFO - Shutting down AI Pharmacy Locator API...
2026-03-07 18:40:49,729 - go-pharmacy - INFO - TabletRecognizerService initialized (Connected to Qdrant Cloud: tablets)
2026-03-07 18:40:54,021 - go-pharmacy - INFO - SymptomSearchService initialized (Connected to Qdrant Cloud: symptoms)
2026-03-07 18:40:54,032 - go-pharmacy - INFO - Starting AI Pharmacy Locator API...
2026-03-07 18:41:01,171 - go-pharmacy - INFO - Symptom search query: fever
2026-03-07 18:41:01,200 - go-pharmacy - INFO - Loading SentenceTransformer model for symptom search...
2026-03-07 18:41:07,442 - go-pharmacy - INFO - Symptom search query: fever
2026-03-07 18:41:07,526 - go-pharmacy - ERROR - Search failed: 'QdrantClient' object has no attribute 'search'
2026-03-07 18:41:29,384 - go-pharmacy - INFO - Symptom search query: fever
2026-03-07 18:41:29,387 - go-pharmacy - INFO - Symptom search query: fever
2026-03-07 18:41:29,425 - go-pharmacy - ERROR - Search failed: 'QdrantClient' object has no attribute 'search'
2026-03-07 18:43:18,716 - go-pharmacy - INFO - Starting migration to Qdrant Cloud collection: symptoms
2026-03-07 18:43:57,218 - go-pharmacy - INFO - Uploaded batch 1
2026-03-07 18:44:01,114 - go-pharmacy - INFO - Uploaded batch 2
2026-03-07 18:44:06,789 - go-pharmacy - INFO - Uploaded batch 3
2026-03-07 18:45:38,315 - go-pharmacy - INFO - Shutting down AI Pharmacy Locator API...
2026-03-07 18:45:52,436 - go-pharmacy - INFO - TabletRecognizerService initialized (Connected to Qdrant Cloud: tablets)
2026-03-07 18:45:56,667 - go-pharmacy - INFO - SymptomSearchService initialized (Connected to Qdrant Cloud: symptoms)
2026-03-07 18:45:56,683 - go-pharmacy - INFO - Starting AI Pharmacy Locator API...
2026-03-07 18:48:21,321 - go-pharmacy - INFO - Removing existing collection 'symptoms' for clean cloud migration.
2026-03-07 18:48:21,727 - go-pharmacy - INFO - Starting migration to Qdrant Cloud collection: symptoms
2026-03-07 18:50:38,268 - go-pharmacy - INFO - Shutting down AI Pharmacy Locator API...
2026-03-07 18:50:53,100 - go-pharmacy - INFO - TabletRecognizerService initialized (Connected to Qdrant Cloud: tablets)
2026-03-07 18:50:57,935 - go-pharmacy - INFO - SymptomSearchService initialized (Connected to Qdrant Cloud: symptoms)
2026-03-07 18:50:57,949 - go-pharmacy - INFO - Starting AI Pharmacy Locator API...
2026-03-07 18:55:12,985 - go-pharmacy - INFO - Removing existing collection 'symptoms' for clean cloud migration.
2026-03-07 18:55:13,273 - go-pharmacy - INFO - Starting migration to Qdrant Cloud collection: symptoms
2026-03-07 18:55:40,766 - go-pharmacy - INFO - Shutting down AI Pharmacy Locator API...
2026-03-07 18:56:03,329 - go-pharmacy - INFO - TabletRecognizerService initialized (Connected to Qdrant Cloud: tablets)
2026-03-07 18:56:09,563 - go-pharmacy - INFO - SymptomSearchService initialized (Connected to Qdrant Cloud: symptoms)
2026-03-07 18:56:09,577 - go-pharmacy - INFO - Starting AI Pharmacy Locator API...
2026-03-07 18:57:26,706 - go-pharmacy - INFO - Uploaded batch 1
2026-03-07 18:57:28,828 - go-pharmacy - INFO - Uploaded batch 2
2026-03-07 18:57:31,428 - go-pharmacy - INFO - Uploaded batch 3
2026-03-07 18:57:32,335 - go-pharmacy - INFO - Uploaded batch 4
2026-03-07 18:57:33,063 - go-pharmacy - INFO - Uploaded batch 5
2026-03-07 18:57:33,769 - go-pharmacy - INFO - Uploaded batch 6
2026-03-07 18:57:34,903 - go-pharmacy - INFO - Uploaded batch 7
2026-03-07 18:57:36,637 - go-pharmacy - INFO - Uploaded batch 8
2026-03-07 18:57:37,602 - go-pharmacy - INFO - Uploaded batch 9
2026-03-07 18:57:38,484 - go-pharmacy - INFO - Uploaded batch 10
2026-03-07 18:57:39,916 - go-pharmacy - INFO - Uploaded batch 11
2026-03-07 18:57:40,851 - go-pharmacy - INFO - Uploaded batch 12
2026-03-07 18:57:41,864 - go-pharmacy - INFO - Uploaded batch 13
2026-03-07 18:57:42,688 - go-pharmacy - INFO - Uploaded batch 14
2026-03-07 18:57:43,734 - go-pharmacy - INFO - Uploaded batch 15
2026-03-07 18:57:45,142 - go-pharmacy - INFO - Uploaded batch 16
2026-03-07 18:57:46,179 - go-pharmacy - INFO - Uploaded batch 17
2026-03-07 18:57:46,982 - go-pharmacy - INFO - Uploaded batch 18
2026-03-07 18:57:48,325 - go-pharmacy - INFO - Uploaded batch 19
2026-03-07 18:57:50,166 - go-pharmacy - INFO - Uploaded batch 20
2026-03-07 18:57:52,412 - go-pharmacy - INFO - Uploaded batch 21
2026-03-07 18:57:54,913 - go-pharmacy - INFO - Uploaded batch 22
2026-03-07 18:57:57,942 - go-pharmacy - INFO - Uploaded batch 23
2026-03-07 18:58:00,092 - go-pharmacy - INFO - Uploaded batch 24
2026-03-07 18:58:02,338 - go-pharmacy - INFO - Uploaded batch 25
2026-03-07 18:58:04,292 - go-pharmacy - INFO - Uploaded batch 26
2026-03-07 18:58:06,129 - go-pharmacy - INFO - Uploaded batch 27
2026-03-07 18:58:07,869 - go-pharmacy - INFO - Uploaded batch 28
2026-03-07 18:58:09,308 - go-pharmacy - INFO - Uploaded batch 29
2026-03-07 18:58:10,639 - go-pharmacy - INFO - Uploaded batch 30
2026-03-07 18:58:11,711 - go-pharmacy - INFO - Uploaded batch 31
2026-03-07 18:58:12,998 - go-pharmacy - INFO - Uploaded batch 32
2026-03-07 18:58:14,634 - go-pharmacy - INFO - Uploaded batch 33
2026-03-07 18:58:15,460 - go-pharmacy - INFO - Uploaded batch 34
2026-03-07 18:58:17,042 - go-pharmacy - INFO - Uploaded batch 35
2026-03-07 18:58:18,946 - go-pharmacy - INFO - Uploaded batch 36
2026-03-07 18:58:20,772 - go-pharmacy - INFO - Uploaded batch 37
2026-03-07 18:58:22,003 - go-pharmacy - INFO - Uploaded batch 38
2026-03-07 18:58:24,665 - go-pharmacy - INFO - Uploaded batch 39
2026-03-07 18:58:26,278 - go-pharmacy - INFO - Uploaded batch 40
2026-03-07 18:58:27,941 - go-pharmacy - INFO - Uploaded batch 41
2026-03-07 18:58:29,333 - go-pharmacy - INFO - Uploaded batch 42
2026-03-07 18:58:31,828 - go-pharmacy - INFO - Uploaded batch 43
2026-03-07 18:58:33,677 - go-pharmacy - INFO - Uploaded batch 44
2026-03-07 18:58:35,930 - go-pharmacy - INFO - Uploaded batch 45
2026-03-07 18:58:38,079 - go-pharmacy - INFO - Uploaded batch 46
2026-03-07 18:58:40,127 - go-pharmacy - INFO - Uploaded batch 47
2026-03-07 18:58:40,662 - go-pharmacy - INFO - Uploaded batch 48
2026-03-07 18:58:40,663 - go-pharmacy - INFO - Migration complete: 11825 points uploaded to Qdrant Cloud.
2026-03-07 18:59:01,741 - go-pharmacy - INFO - TabletRecognizerService initialized (Connected to Qdrant Cloud: tablets)
2026-03-07 18:59:06,307 - go-pharmacy - INFO - SymptomSearchService initialized (Connected to Qdrant Cloud: symptoms)
2026-03-07 18:59:06,323 - go-pharmacy - INFO - Starting AI Pharmacy Locator API...
2026-03-07 18:59:43,001 - go-pharmacy - INFO - Symptom search query: fever
2026-03-07 18:59:43,002 - go-pharmacy - INFO - Loading BAAI/bge-small-en-v1.5 model for symptom search...
2026-03-07 18:59:49,142 - go-pharmacy - INFO - Symptom search query: fever
2026-03-07 18:59:49,961 - go-pharmacy - INFO - Found 5 matches in Qdrant.
2026-03-07 19:01:14,752 - go-pharmacy - INFO - Symptom search query: headache
2026-03-07 19:01:14,755 - go-pharmacy - INFO - Symptom search query: headache
2026-03-07 19:01:15,672 - go-pharmacy - INFO - Found 5 matches in Qdrant.
2026-03-07 19:08:49,120 - go-pharmacy - INFO - Shutting down AI Pharmacy Locator API...
2026-03-07 19:09:03,053 - go-pharmacy - INFO - TabletRecognizerService initialized (Connected to Qdrant Cloud: tablets)
2026-03-07 19:09:07,501 - go-pharmacy - INFO - SymptomSearchService initialized (Connected to Qdrant Cloud: symptoms)
2026-03-07 19:09:07,515 - go-pharmacy - INFO - Starting AI Pharmacy Locator API...
2026-03-07 19:10:54,582 - go-pharmacy - INFO - Shutting down AI Pharmacy Locator API...
2026-03-07 19:11:20,611 - go-pharmacy - INFO - TabletRecognizerService initialized (Connected to Qdrant Cloud: tablets)
2026-03-07 19:11:25,080 - go-pharmacy - INFO - SymptomSearchService initialized (Connected to Qdrant Cloud: symptoms)
2026-03-07 19:11:25,122 - go-pharmacy - INFO - Starting AI Pharmacy Locator API...
2026-03-07 19:11:56,629 - go-pharmacy - INFO - Symptom search query: fever
2026-03-07 19:11:56,630 - go-pharmacy - INFO - Loading BAAI/bge-small-en-v1.5 model for symptom search...
2026-03-07 19:12:08,863 - go-pharmacy - INFO - Symptom search query: fever
2026-03-07 19:12:10,035 - go-pharmacy - INFO - Found 5 matches in Qdrant.
2026-03-07 19:13:30,646 - go-pharmacy - INFO - Medicine search query: salbutamol
2026-03-07 19:13:58,282 - go-pharmacy - INFO - Medicine search query: adaferin
2026-03-07 19:16:06,323 - go-pharmacy - INFO - Processing tablet photo upload: 180_23814007-3654-427a-986c-5b7030978377_23814007-3654-427a-986c-5b7030978377-1.jpg
2026-03-07 19:16:15,471 - go-pharmacy - INFO - Loading Vision model for tablet recognition...
2026-03-07 19:16:16,466 - go-pharmacy - INFO - Identifying tablet image...
2026-03-07 19:16:18,188 - go-pharmacy - WARNING - No high-confidence tablet vision match found. Relying on OCR fallback.
2026-03-07 19:18:51,553 - go-pharmacy - INFO - Shutting down AI Pharmacy Locator API...
2026-03-07 19:19:07,532 - go-pharmacy - INFO - TabletRecognizerService initialized (Connected to Qdrant Cloud: tablets)
2026-03-07 19:19:12,323 - go-pharmacy - INFO - SymptomSearchService initialized (Connected to Qdrant Cloud: symptoms)
2026-03-07 19:19:12,334 - go-pharmacy - INFO - Starting AI Pharmacy Locator API...
2026-03-07 19:20:22,013 - go-pharmacy - INFO - Incoming GET /api/symptom-search?symptoms=cough
2026-03-07 19:20:22,016 - go-pharmacy - INFO - Symptom search query: cough
2026-03-07 19:20:22,017 - go-pharmacy - INFO - Loading BAAI/bge-small-en-v1.5 model for symptom search...
2026-03-07 19:20:30,869 - go-pharmacy - INFO - Symptom search query: cough
2026-03-07 19:20:31,977 - go-pharmacy - INFO - Found 5 matches in Qdrant.
2026-03-07 19:20:31,982 - go-pharmacy - INFO - Completed GET /api/symptom-search?symptoms=cough with Status: 200 in 9968.69ms
2026-03-07 19:20:32,092 - go-pharmacy - INFO - Shutting down AI Pharmacy Locator API...
2026-03-07 19:20:46,945 - go-pharmacy - INFO - TabletRecognizerService initialized (Connected to Qdrant Cloud: tablets)
2026-03-07 19:20:51,566 - go-pharmacy - INFO - SymptomSearchService initialized (Connected to Qdrant Cloud: symptoms)
2026-03-07 19:20:51,579 - go-pharmacy - INFO - Starting AI Pharmacy Locator API...
2026-03-07 19:21:08,615 - go-pharmacy - INFO - Shutting down AI Pharmacy Locator API...
2026-03-07 19:21:22,998 - go-pharmacy - INFO - TabletRecognizerService initialized (Connected to Qdrant Cloud: tablets)
2026-03-07 19:21:27,433 - go-pharmacy - INFO - SymptomSearchService initialized (Connected to Qdrant Cloud: symptoms)
2026-03-07 19:21:27,444 - go-pharmacy - INFO - Starting AI Pharmacy Locator API...
2026-03-07 19:22:00,997 - go-pharmacy - INFO - --> Incoming API Request: POST /api/tablet-photo | Query: 
2026-03-07 19:22:01,003 - go-pharmacy - INFO - Processing tablet photo upload: 180_23814007-3654-427a-986c-5b7030978377_23814007-3654-427a-986c-5b7030978377-1.jpg
2026-03-07 19:22:08,326 - go-pharmacy - INFO - Loading Vision model for tablet recognition...
2026-03-07 19:22:09,149 - go-pharmacy - INFO - Identifying tablet image...
2026-03-07 19:22:10,619 - go-pharmacy - WARNING - No high-confidence tablet vision match found. Relying on OCR fallback.
2026-03-07 19:22:10,623 - go-pharmacy - INFO - <-- Outgoing API Response: POST /api/tablet-photo | Status: 200 | Time: 9.626s
2026-03-07 19:27:33,927 - go-pharmacy - INFO - --> Incoming API Request: POST /api/prescription | Query: 
2026-03-07 19:27:33,933 - go-pharmacy - INFO - Processing prescription upload: WhatsApp Image 2026-03-07 at 7.24.33 PM.jpeg
2026-03-07 19:27:39,931 - go-pharmacy - INFO - <-- Outgoing API Response: POST /api/prescription | Status: 200 | Time: 6.004s
2026-03-07 19:28:41,355 - go-pharmacy - INFO - Shutting down AI Pharmacy Locator API...
2026-03-07 19:29:00,221 - go-pharmacy - INFO - TabletRecognizerService initialized (Connected to Qdrant Cloud: tablets)
2026-03-07 19:29:06,201 - go-pharmacy - INFO - SymptomSearchService initialized (Connected to Qdrant Cloud: symptoms)
2026-03-07 19:29:06,215 - go-pharmacy - INFO - Starting AI Pharmacy Locator API...
2026-03-07 19:31:10,850 - go-pharmacy - INFO - --> Incoming API Request: GET /api/search-medicine | Query: q=paracetomol
2026-03-07 19:31:10,853 - go-pharmacy - INFO - Medicine search query: paracetomol
2026-03-07 19:31:11,002 - go-pharmacy - INFO - <-- Outgoing API Response: GET /api/search-medicine | Status: 200 | Time: 0.152s
2026-03-07 19:32:39,498 - go-pharmacy - INFO - --> Incoming API Request: GET /api/symptom-search | Query: symptoms=feve
2026-03-07 19:32:39,500 - go-pharmacy - INFO - Symptom search query: feve
2026-03-07 19:32:39,501 - go-pharmacy - INFO - Loading BAAI/bge-small-en-v1.5 model for symptom search...
2026-03-07 19:32:41,655 - go-pharmacy - INFO - <-- Outgoing API Response: GET /api/symptom-search | Status: 500 | Time: 2.157s
2026-03-07 19:32:48,012 - go-pharmacy - INFO - --> Incoming API Request: GET /api/symptom-search | Query: symptoms=fever
2026-03-07 19:32:48,014 - go-pharmacy - INFO - Symptom search query: fever
2026-03-07 19:32:48,014 - go-pharmacy - INFO - Loading BAAI/bge-small-en-v1.5 model for symptom search...
2026-03-07 19:32:49,971 - go-pharmacy - INFO - <-- Outgoing API Response: GET /api/symptom-search | Status: 500 | Time: 1.960s
2026-03-07 19:33:01,090 - go-pharmacy - INFO - --> Incoming API Request: GET /api/symptom-search | Query: symptoms=throat+pain
2026-03-07 19:33:01,092 - go-pharmacy - INFO - Symptom search query: throat pain
2026-03-07 19:33:01,092 - go-pharmacy - INFO - Loading BAAI/bge-small-en-v1.5 model for symptom search...
2026-03-07 19:33:15,589 - go-pharmacy - INFO - Symptom search query: throat pain
2026-03-07 19:33:18,988 - go-pharmacy - INFO - Found 5 matches in Qdrant.
2026-03-07 19:33:18,992 - go-pharmacy - INFO - <-- Outgoing API Response: GET /api/symptom-search | Status: 200 | Time: 17.903s
2026-03-07 19:33:19,532 - go-pharmacy - INFO - --> Incoming API Request: GET /api/symptom-search | Query: symptoms=throat
2026-03-07 19:33:19,536 - go-pharmacy - INFO - Symptom search query: throat
2026-03-07 19:33:19,537 - go-pharmacy - INFO - Symptom search query: throat
2026-03-07 19:33:19,970 - go-pharmacy - INFO - Found 5 matches in Qdrant.
2026-03-07 19:33:19,973 - go-pharmacy - INFO - <-- Outgoing API Response: GET /api/symptom-search | Status: 200 | Time: 0.441s
2026-03-07 19:33:35,073 - go-pharmacy - INFO - --> Incoming API Request: GET /api/symptom-search | Query: symptoms=throat_infection
2026-03-07 19:33:35,075 - go-pharmacy - INFO - Symptom search query: throat_infection
2026-03-07 19:33:35,076 - go-pharmacy - INFO - Symptom search query: throat_infection
2026-03-07 19:33:36,136 - go-pharmacy - INFO - Found 5 matches in Qdrant.
2026-03-07 19:33:36,138 - go-pharmacy - INFO - <-- Outgoing API Response: GET /api/symptom-search | Status: 200 | Time: 1.065s
2026-03-07 19:36:07,664 - go-pharmacy - INFO - Shutting down AI Pharmacy Locator API...
2026-03-07 19:36:11,497 - go-pharmacy - INFO - Shutting down AI Pharmacy Locator API...
2026-03-07 19:36:34,220 - go-pharmacy - INFO - TabletRecognizerService initialized (Connected to Qdrant Cloud: tablets)
2026-03-07 19:36:36,178 - go-pharmacy - INFO - TabletRecognizerService initialized (Connected to Qdrant Cloud: tablets)
2026-03-07 19:36:42,786 - go-pharmacy - INFO - SymptomSearchService initialized (Connected to Qdrant Cloud: symptoms)
2026-03-07 19:36:42,808 - go-pharmacy - INFO - Starting Where is my Medicine? API...
2026-03-07 19:36:44,155 - go-pharmacy - INFO - --> Incoming API Request: GET /api/symptom-search | Query: symptoms=cramp
2026-03-07 19:36:44,157 - go-pharmacy - INFO - Symptom search query: cramp
2026-03-07 19:36:44,157 - go-pharmacy - INFO - Loading BAAI/bge-small-en-v1.5 model for symptom search...
2026-03-07 19:36:44,788 - go-pharmacy - INFO - SymptomSearchService initialized (Connected to Qdrant Cloud: symptoms)
2026-03-07 19:36:44,810 - go-pharmacy - INFO - Starting Where is my Medicine? API...
2026-03-07 19:36:57,104 - go-pharmacy - INFO - Symptom search query: cramp
2026-03-07 19:37:01,872 - go-pharmacy - INFO - Found 5 matches in Qdrant.
2026-03-07 19:37:01,875 - go-pharmacy - INFO - <-- Outgoing API Response: GET /api/symptom-search | Status: 200 | Time: 17.720s
2026-03-07 19:37:36,847 - go-pharmacy - INFO - --> Incoming API Request: GET /api/search-medicine | Query: q=cramp
2026-03-07 19:37:36,849 - go-pharmacy - INFO - Medicine search query: cramp
2026-03-07 19:37:36,956 - go-pharmacy - INFO - <-- Outgoing API Response: GET /api/search-medicine | Status: 200 | Time: 0.109s
2026-03-07 19:37:49,247 - go-pharmacy - INFO - --> Incoming API Request: GET /api/symptom-search | Query: symptoms=cramp
2026-03-07 19:37:49,250 - go-pharmacy - INFO - Symptom search query: cramp
2026-03-07 19:37:49,251 - go-pharmacy - INFO - Symptom search query: cramp
2026-03-07 19:37:54,317 - go-pharmacy - INFO - Found 5 matches in Qdrant.
2026-03-07 19:37:54,320 - go-pharmacy - INFO - <-- Outgoing API Response: GET /api/symptom-search | Status: 200 | Time: 5.072s
2026-03-07 19:38:20,548 - go-pharmacy - INFO - --> Incoming API Request: GET /api/symptom-search | Query: symptoms=psoriasis
2026-03-07 19:38:20,550 - go-pharmacy - INFO - Symptom search query: psoriasis
2026-03-07 19:38:20,551 - go-pharmacy - INFO - Symptom search query: psoriasis
2026-03-07 19:38:22,560 - go-pharmacy - INFO - Found 5 matches in Qdrant.
2026-03-07 19:38:22,562 - go-pharmacy - INFO - <-- Outgoing API Response: GET /api/symptom-search | Status: 200 | Time: 2.014s
2026-03-07 19:38:38,126 - go-pharmacy - INFO - --> Incoming API Request: GET /api/search-medicine | Query: q=psoriasis
2026-03-07 19:38:38,130 - go-pharmacy - INFO - Medicine search query: psoriasis
2026-03-07 19:38:38,245 - go-pharmacy - INFO - <-- Outgoing API Response: GET /api/search-medicine | Status: 200 | Time: 0.119s
2026-03-07 19:38:45,940 - go-pharmacy - INFO - --> Incoming API Request: GET /api/search-medicine | Query: q=psoriasis
2026-03-07 19:38:45,944 - go-pharmacy - INFO - Medicine search query: psoriasis
2026-03-07 19:38:46,068 - go-pharmacy - INFO - <-- Outgoing API Response: GET /api/search-medicine | Status: 200 | Time: 0.128s
2026-03-07 19:38:50,610 - go-pharmacy - INFO - --> Incoming API Request: GET /api/symptom-search | Query: symptoms=psoriasis
2026-03-07 19:38:50,612 - go-pharmacy - INFO - Symptom search query: psoriasis
2026-03-07 19:38:50,614 - go-pharmacy - INFO - Symptom search query: psoriasis
2026-03-07 19:38:51,897 - go-pharmacy - INFO - Found 5 matches in Qdrant.
2026-03-07 19:38:51,900 - go-pharmacy - INFO - <-- Outgoing API Response: GET /api/symptom-search | Status: 200 | Time: 1.290s
2026-03-07 19:51:12,372 - go-pharmacy - INFO - --> Incoming API Request: GET /api/search-medicine | Query: q=dolo
2026-03-07 19:51:12,375 - go-pharmacy - INFO - Medicine search query: dolo
2026-03-07 19:51:12,491 - go-pharmacy - INFO - <-- Outgoing API Response: GET /api/search-medicine | Status: 200 | Time: 0.119s
2026-03-07 20:16:25,633 - go-pharmacy - INFO - --> Incoming API Request: GET /api/symptom-search | Query: symptoms=fever
2026-03-07 20:16:25,635 - go-pharmacy - INFO - Symptom search query: fever
2026-03-07 20:16:25,636 - go-pharmacy - INFO - Symptom search query: fever
2026-03-07 20:16:26,847 - go-pharmacy - INFO - Found 5 matches in Qdrant.
2026-03-07 20:16:26,849 - go-pharmacy - INFO - <-- Outgoing API Response: GET /api/symptom-search | Status: 200 | Time: 1.216s
2026-03-07 20:16:48,367 - go-pharmacy - INFO - --> Incoming API Request: GET /api/search-medicine | Query: q=p250
2026-03-07 20:16:48,369 - go-pharmacy - INFO - Medicine search query: p250
2026-03-07 20:16:48,444 - go-pharmacy - INFO - <-- Outgoing API Response: GET /api/search-medicine | Status: 200 | Time: 0.077s
2026-03-07 20:20:49,881 - go-pharmacy - INFO - --> Incoming API Request: GET /api/search-medicine | Query: q=dolo
2026-03-07 20:20:49,885 - go-pharmacy - INFO - Medicine search query: dolo
2026-03-07 20:20:50,006 - go-pharmacy - INFO - <-- Outgoing API Response: GET /api/search-medicine | Status: 200 | Time: 0.125s
2026-03-07 20:21:00,015 - go-pharmacy - INFO - --> Incoming API Request: GET /api/symptom-search | Query: symptoms=fever
2026-03-07 20:21:00,017 - go-pharmacy - INFO - Symptom search query: fever
2026-03-07 20:21:00,017 - go-pharmacy - INFO - Symptom search query: fever
2026-03-07 20:21:01,566 - go-pharmacy - INFO - Found 5 matches in Qdrant.
2026-03-07 20:21:01,569 - go-pharmacy - INFO - <-- Outgoing API Response: GET /api/symptom-search | Status: 200 | Time: 1.554s
2026-03-07 23:00:29,877 - go-pharmacy - INFO - --> Incoming API Request: GET /api/search-medicine | Query: q=dolo
2026-03-07 23:00:29,879 - go-pharmacy - INFO - Medicine search query: dolo
2026-03-07 23:00:29,942 - go-pharmacy - INFO - <-- Outgoing API Response: GET /api/search-medicine | Status: 200 | Time: 0.066s
2026-03-07 23:00:51,646 - go-pharmacy - INFO - --> Incoming API Request: GET /api/symptom-search | Query: symptoms=fever
2026-03-07 23:00:51,659 - go-pharmacy - INFO - Symptom search query: fever
2026-03-07 23:00:51,665 - go-pharmacy - INFO - Symptom search query: fever
2026-03-07 23:00:53,197 - go-pharmacy - INFO - Found 5 matches in Qdrant.
2026-03-07 23:00:53,198 - go-pharmacy - INFO - <-- Outgoing API Response: GET /api/symptom-search | Status: 200 | Time: 1.553s
2026-03-07 23:01:24,873 - go-pharmacy - INFO - --> Incoming API Request: GET /api/symptom-search | Query: symptoms=sanchitha
2026-03-07 23:01:24,876 - go-pharmacy - INFO - Symptom search query: sanchitha
2026-03-07 23:01:24,877 - go-pharmacy - INFO - Symptom search query: sanchitha
2026-03-07 23:01:25,630 - go-pharmacy - INFO - Found 5 matches in Qdrant.
2026-03-07 23:01:25,635 - go-pharmacy - INFO - <-- Outgoing API Response: GET /api/symptom-search | Status: 200 | Time: 0.763s
2026-03-07 23:01:52,458 - go-pharmacy - INFO - --> Incoming API Request: GET /api/symptom-search | Query: symptoms=dengue
2026-03-07 23:01:52,460 - go-pharmacy - INFO - Symptom search query: dengue
2026-03-07 23:01:52,461 - go-pharmacy - INFO - Symptom search query: dengue
2026-03-07 23:01:53,611 - go-pharmacy - INFO - Found 5 matches in Qdrant.
2026-03-07 23:01:53,613 - go-pharmacy - INFO - <-- Outgoing API Response: GET /api/symptom-search | Status: 200 | Time: 1.155s
2026-03-07 23:02:24,898 - go-pharmacy - INFO - --> Incoming API Request: GET /api/symptom-search | Query: symptoms=sleep
2026-03-07 23:02:24,900 - go-pharmacy - INFO - Symptom search query: sleep
2026-03-07 23:02:24,901 - go-pharmacy - INFO - Symptom search query: sleep
2026-03-07 23:02:25,854 - go-pharmacy - INFO - Found 5 matches in Qdrant.
2026-03-07 23:02:25,879 - go-pharmacy - INFO - <-- Outgoing API Response: GET /api/symptom-search | Status: 200 | Time: 0.981s
2026-03-07 23:11:27,988 - go-pharmacy - INFO - Removing existing collection 'tablets'
2026-03-07 23:11:30,052 - go-pharmacy - INFO - Vectorizing images for 11825 medicines...
2026-03-07 23:11:47,565 - go-pharmacy - INFO - Processed 10 images...
2026-03-07 23:11:53,257 - go-pharmacy - INFO - Shutting down Where is my Medicine? API...
2026-03-07 23:11:53,412 - go-pharmacy - INFO - Shutting down Where is my Medicine? API...
2026-03-07 23:12:09,918 - go-pharmacy - INFO - Processed 20 images...
2026-03-07 23:12:30,508 - go-pharmacy - INFO - Processed 30 images...
2026-03-07 23:12:31,700 - go-pharmacy - INFO - TabletRecognizerService initialized (Connected to Qdrant Cloud: tablets)
2026-03-07 23:12:31,700 - go-pharmacy - INFO - TabletRecognizerService initialized (Connected to Qdrant Cloud: tablets)
2026-03-07 23:12:38,137 - go-pharmacy - INFO - SymptomSearchService initialized (Connected to Qdrant Cloud: symptoms)
2026-03-07 23:12:38,137 - go-pharmacy - INFO - SymptomSearchService initialized (Connected to Qdrant Cloud: symptoms)
2026-03-07 23:12:38,155 - go-pharmacy - INFO - Starting Where is my Medicine? API...
2026-03-07 23:12:38,156 - go-pharmacy - INFO - Starting Where is my Medicine? API...
2026-03-07 23:12:44,599 - go-pharmacy - INFO - Processed 40 images...
2026-03-07 23:13:02,175 - go-pharmacy - INFO - Processed 50 images...
2026-03-07 23:13:21,489 - go-pharmacy - INFO - Processed 60 images...
2026-03-07 23:13:38,241 - go-pharmacy - INFO - Processed 70 images...
2026-03-07 23:13:55,809 - go-pharmacy - WARNING - Failed to process image for Alciflox D Eye/Ear Drops: HTTPSConnectionPool(host='onemg.gumlet.io', port=443): Read timed out. (read timeout=5)
2026-03-07 23:14:06,112 - go-pharmacy - INFO - Processed 80 images...
2026-03-07 23:14:26,235 - go-pharmacy - INFO - Processed 90 images...
2026-03-07 23:14:48,070 - go-pharmacy - INFO - Removing existing collection 'tablets'
2026-03-07 23:14:50,204 - go-pharmacy - INFO - Vectorizing images for 11825 medicines...
2026-03-07 23:14:52,043 - go-pharmacy - INFO - Tablet migration complete: 99 image vectors uploaded.
2026-03-07 23:16:18,089 - go-pharmacy - INFO - Vectorized and uploaded 50 images...
2026-03-07 23:17:07,223 - go-pharmacy - INFO - Shutting down Where is my Medicine? API...
2026-03-07 23:17:07,223 - go-pharmacy - INFO - Shutting down Where is my Medicine? API...
2026-03-07 23:17:23,129 - go-pharmacy - INFO - TabletRecognizerService initialized (Connected to Qdrant Cloud: tablets)
2026-03-07 23:17:23,133 - go-pharmacy - INFO - TabletRecognizerService initialized (Connected to Qdrant Cloud: tablets)
2026-03-07 23:17:28,458 - go-pharmacy - INFO - SymptomSearchService initialized (Connected to Qdrant Cloud: symptoms)
2026-03-07 23:17:28,483 - go-pharmacy - INFO - SymptomSearchService initialized (Connected to Qdrant Cloud: symptoms)
2026-03-07 23:17:28,514 - go-pharmacy - INFO - Starting Where is my Medicine? API...
2026-03-07 23:17:28,515 - go-pharmacy - INFO - Starting Where is my Medicine? API...
2026-03-07 23:19:26,819 - go-pharmacy - INFO - Removing existing collection 'tablets'
2026-03-07 23:19:28,250 - go-pharmacy - INFO - Vectorizing images for 11825 medicines...
2026-03-07 23:20:30,720 - go-pharmacy - INFO - Vectorized and uploaded 50 images...
2026-03-07 23:21:31,037 - go-pharmacy - INFO - Vectorized and uploaded 100 images...
2026-03-07 23:21:37,605 - go-pharmacy - INFO - Removing existing collection 'tablets'
2026-03-07 23:21:38,949 - go-pharmacy - INFO - Vectorizing images for 11825 medicines using multi-threading...
2026-03-07 23:21:52,798 - go-pharmacy - INFO - Vectorized and uploaded 50 images so far...
2026-03-07 23:22:04,970 - go-pharmacy - INFO - Vectorized and uploaded 100 images so far...
2026-03-07 23:22:09,713 - go-pharmacy - INFO - Shutting down Where is my Medicine? API...
2026-03-07 23:22:18,752 - go-pharmacy - INFO - Vectorized and uploaded 150 images so far...
2026-03-07 23:22:28,954 - go-pharmacy - INFO - TabletRecognizerService initialized (Connected to Qdrant Cloud: tablets)
2026-03-07 23:22:29,133 - go-pharmacy - INFO - TabletRecognizerService initialized (Connected to Qdrant Cloud: tablets)
2026-03-07 23:22:35,013 - go-pharmacy - INFO - SymptomSearchService initialized (Connected to Qdrant Cloud: symptoms)
2026-03-07 23:22:35,033 - go-pharmacy - INFO - SymptomSearchService initialized (Connected to Qdrant Cloud: symptoms)
2026-03-07 23:22:35,067 - go-pharmacy - INFO - Starting Where is my Medicine? API...
2026-03-07 23:22:35,067 - go-pharmacy - INFO - Starting Where is my Medicine? API...
2026-03-07 23:22:35,522 - go-pharmacy - INFO - Vectorized and uploaded 200 images so far...
2026-03-07 23:22:47,576 - go-pharmacy - INFO - Vectorized and uploaded 250 images so far...
2026-03-07 23:22:55,647 - go-pharmacy - INFO - Vectorized and uploaded 150 images...
2026-03-07 23:23:59,414 - go-pharmacy - WARNING - Failed to process image for Acuclav 625 Tablet: HTTPSConnectionPool(host='onemg.gumlet.io', port=443): Read timed out. (read timeout=5)
2026-03-07 23:24:21,546 - go-pharmacy - WARNING - Failed to process image for Actrapid HM 100IU/ml Penfill: The write operation timed out
2026-03-07 23:25:40,463 - go-pharmacy - INFO - Removing existing collection 'tablets'
2026-03-07 23:25:41,816 - go-pharmacy - INFO - Vectorizing images for 11825 medicines using multi-threading...
2026-03-07 23:25:54,982 - go-pharmacy - INFO - Vectorized and uploaded 50 images so far...
2026-03-07 23:26:06,551 - go-pharmacy - INFO - Vectorized and uploaded 100 images so far...
2026-03-07 23:26:18,840 - go-pharmacy - INFO - Vectorized and uploaded 150 images so far...
2026-03-07 23:26:29,697 - go-pharmacy - INFO - Vectorized and uploaded 200 images so far...
2026-03-07 23:26:41,103 - go-pharmacy - INFO - Vectorized and uploaded 250 images so far...
2026-03-07 23:26:53,190 - go-pharmacy - INFO - Vectorized and uploaded 300 images so far...
2026-03-07 23:27:07,071 - go-pharmacy - INFO - Vectorized and uploaded 350 images so far...
2026-03-07 23:27:20,703 - go-pharmacy - INFO - Vectorized and uploaded 400 images so far...
2026-03-07 23:27:34,209 - go-pharmacy - INFO - Vectorized and uploaded 450 images so far...
2026-03-07 23:27:50,225 - go-pharmacy - INFO - Vectorized and uploaded 500 images so far...
2026-03-07 23:28:09,846 - go-pharmacy - INFO - Vectorized and uploaded 550 images so far...
2026-03-07 23:35:58,720 - go-pharmacy - INFO - Shutting down Where is my Medicine? API...
2026-03-07 23:36:14,960 - go-pharmacy - INFO - Shutting down Where is my Medicine? API...
2026-03-07 23:36:21,240 - go-pharmacy - INFO - TabletRecognizerService initialized (Connected to Qdrant Cloud: tablets)
2026-03-07 23:36:30,121 - go-pharmacy - INFO - SymptomSearchService initialized (Connected to Qdrant Cloud: symptoms)
2026-03-07 23:36:30,146 - go-pharmacy - INFO - Starting Where is my Medicine? API...
2026-03-07 23:36:37,263 - go-pharmacy - INFO - TabletRecognizerService initialized (Connected to Qdrant Cloud: tablets)
2026-03-07 23:36:44,661 - go-pharmacy - INFO - SymptomSearchService initialized (Connected to Qdrant Cloud: symptoms)
2026-03-07 23:36:44,677 - go-pharmacy - INFO - Starting Where is my Medicine? API...
2026-03-07 23:36:45,345 - go-pharmacy - INFO - --> Incoming API Request: GET /api/symptom-search | Query: symptoms=aids
2026-03-07 23:36:45,347 - go-pharmacy - INFO - Symptom search query: aids
2026-03-07 23:36:45,348 - go-pharmacy - INFO - Loading BAAI/bge-small-en-v1.5 model for symptom search...
2026-03-07 23:36:52,775 - go-pharmacy - INFO - Symptom search query: aids
2026-03-07 23:36:53,935 - go-pharmacy - INFO - Found 5 matches in Qdrant.
2026-03-07 23:36:53,937 - go-pharmacy - INFO - <-- Outgoing API Response: GET /api/symptom-search | Status: 200 | Time: 8.592s
2026-03-07 23:41:02,528 - go-pharmacy - INFO - Shutting down Where is my Medicine? API...
2026-03-07 23:41:20,150 - go-pharmacy - INFO - Shutting down Where is my Medicine? API...
2026-03-07 23:41:27,299 - go-pharmacy - INFO - TabletRecognizerService initialized (Connected to Qdrant Cloud: tablets)
2026-03-07 23:41:35,845 - go-pharmacy - INFO - SymptomSearchService initialized (Connected to Qdrant Cloud: symptoms)
2026-03-07 23:41:35,867 - go-pharmacy - INFO - Starting Where is my Medicine? API...
2026-03-07 23:41:44,677 - go-pharmacy - INFO - TabletRecognizerService initialized (Connected to Qdrant Cloud: tablets)
2026-03-07 23:41:53,521 - go-pharmacy - INFO - SymptomSearchService initialized (Connected to Qdrant Cloud: symptoms)
2026-03-07 23:41:53,545 - go-pharmacy - INFO - Starting Where is my Medicine? API...
2026-03-08 00:00:16,970 - go-pharmacy - INFO - --> Incoming API Request: GET /api/symptom-search | Query: symptoms=insomnia
2026-03-08 00:00:16,972 - go-pharmacy - INFO - Symptom search query: insomnia
2026-03-08 00:00:16,973 - go-pharmacy - INFO - Loading BAAI/bge-small-en-v1.5 model for symptom search...
2026-03-08 00:00:27,964 - go-pharmacy - INFO - Symptom search query: insomnia
2026-03-08 00:00:32,055 - go-pharmacy - INFO - Found 5 matches in Qdrant.
2026-03-08 00:00:32,057 - go-pharmacy - INFO - <-- Outgoing API Response: GET /api/symptom-search | Status: 200 | Time: 15.088s
2026-03-08 00:00:54,805 - go-pharmacy - INFO - --> Incoming API Request: GET /api/symptom-search | Query: symptoms=anxiety
2026-03-08 00:00:54,810 - go-pharmacy - INFO - Symptom search query: anxiety
2026-03-08 00:00:54,811 - go-pharmacy - INFO - Symptom search query: anxiety
2026-03-08 00:01:06,332 - go-pharmacy - INFO - Found 5 matches in Qdrant.
2026-03-08 00:01:06,336 - go-pharmacy - INFO - <-- Outgoing API Response: GET /api/symptom-search | Status: 200 | Time: 11.531s
2026-03-08 00:01:39,873 - go-pharmacy - INFO - --> Incoming API Request: GET /api/search-medicine | Query: q=panic+attack
2026-03-08 00:01:39,876 - go-pharmacy - INFO - Medicine search query: panic attack
2026-03-08 00:01:40,039 - go-pharmacy - INFO - <-- Outgoing API Response: GET /api/search-medicine | Status: 200 | Time: 0.166s
2026-03-08 00:02:08,970 - go-pharmacy - INFO - --> Incoming API Request: GET /api/symptom-search | Query: symptoms=panicattack
2026-03-08 00:02:08,973 - go-pharmacy - INFO - Symptom search query: panicattack
2026-03-08 00:02:08,974 - go-pharmacy - INFO - Symptom search query: panicattack
2026-03-08 00:02:34,744 - go-pharmacy - INFO - Found 5 matches in Qdrant.
2026-03-08 00:02:34,746 - go-pharmacy - INFO - <-- Outgoing API Response: GET /api/symptom-search | Status: 200 | Time: 25.776s
2026-03-08 00:03:06,372 - go-pharmacy - INFO - Removing existing collection 'tablets'
2026-03-08 00:06:42,122 - go-pharmacy - INFO - Streaming visual vectors for 11825 medicines to Qdrant...
2026-03-08 00:06:45,454 - go-pharmacy - INFO - Processed 0 images...
2026-03-08 00:10:09,506 - go-pharmacy - INFO - Processed 50 images...
2026-03-08 00:11:15,111 - go-pharmacy - INFO - Processed 100 images...
2026-03-08 00:12:22,921 - go-pharmacy - INFO - Processed 150 images...
2026-03-08 00:44:44,853 - go-pharmacy - INFO - Removing existing collection 'tablets'
2026-03-08 00:44:48,733 - go-pharmacy - INFO - Streaming visual vectors for 11825 medicines to Qdrant...
2026-03-08 00:44:49,729 - go-pharmacy - INFO - Processed 0 images...
2026-03-08 00:45:40,369 - go-pharmacy - INFO - Processed 50 images...
2026-03-08 00:47:05,447 - go-pharmacy - INFO - Removing existing collection 'tablets'
2026-03-08 00:47:13,990 - go-pharmacy - INFO - Streaming visual vectors for 11825 medicines using multi-threaded consumer...
2026-03-08 00:47:34,483 - go-pharmacy - INFO - Chunk starting at 0: Yielded 100/100 valid visual points
2026-03-08 00:47:51,070 - go-pharmacy - INFO - Chunk starting at 100: Yielded 100/100 valid visual points
2026-03-08 00:48:05,989 - go-pharmacy - INFO - Chunk starting at 200: Yielded 100/100 valid visual points
2026-03-08 00:48:21,367 - go-pharmacy - INFO - Chunk starting at 300: Yielded 100/100 valid visual points
2026-03-08 00:48:53,241 - go-pharmacy - INFO - Chunk starting at 400: Yielded 100/100 valid visual points
2026-03-08 00:49:03,798 - go-pharmacy - INFO - Shutting down Where is my Medicine? API...
2026-03-08 00:49:03,856 - go-pharmacy - INFO - Shutting down Where is my Medicine? API...
2026-03-08 00:49:34,334 - go-pharmacy - INFO - Chunk starting at 500: Yielded 100/100 valid visual points
2026-03-08 00:49:39,060 - go-pharmacy - INFO - TabletRecognizerService initialized (Connected to Qdrant Cloud: tablets)
2026-03-08 00:49:42,548 - go-pharmacy - INFO - TabletRecognizerService initialized (Connected to Qdrant Cloud: tablets)
2026-03-08 00:49:53,246 - go-pharmacy - INFO - SymptomSearchService initialized (Connected to Qdrant Cloud: symptoms)
2026-03-08 00:49:53,262 - go-pharmacy - INFO - SymptomSearchService initialized (Connected to Qdrant Cloud: symptoms)
2026-03-08 00:49:53,286 - go-pharmacy - INFO - Starting Where is my Medicine? API...
2026-03-08 00:49:53,286 - go-pharmacy - INFO - Starting Where is my Medicine? API...
2026-03-08 00:50:02,682 - go-pharmacy - INFO - Chunk starting at 600: Yielded 100/100 valid visual points
2026-03-08 00:50:25,035 - go-pharmacy - INFO - Chunk starting at 700: Yielded 100/100 valid visual points
2026-03-08 00:50:43,277 - go-pharmacy - INFO - Chunk starting at 800: Yielded 100/100 valid visual points
2026-03-08 00:51:13,643 - go-pharmacy - INFO - Chunk starting at 900: Yielded 100/100 valid visual points
2026-03-08 00:51:40,596 - go-pharmacy - INFO - Chunk starting at 1000: Yielded 100/100 valid visual points
2026-03-08 00:52:01,449 - go-pharmacy - INFO - Chunk starting at 1100: Yielded 100/100 valid visual points
2026-03-08 00:52:36,049 - go-pharmacy - INFO - Chunk starting at 1200: Yielded 100/100 valid visual points
2026-03-08 00:53:00,069 - go-pharmacy - INFO - Chunk starting at 1300: Yielded 100/100 valid visual points
2026-03-08 00:53:19,575 - go-pharmacy - INFO - Chunk starting at 1400: Yielded 100/100 valid visual points
2026-03-08 00:53:40,947 - go-pharmacy - INFO - Chunk starting at 1500: Yielded 100/100 valid visual points
2026-03-08 00:54:06,152 - go-pharmacy - INFO - Chunk starting at 1600: Yielded 100/100 valid visual points
2026-03-08 00:54:39,777 - go-pharmacy - INFO - Chunk starting at 1700: Yielded 100/100 valid visual points
2026-03-08 00:55:08,488 - go-pharmacy - INFO - Chunk starting at 1800: Yielded 99/100 valid visual points
2026-03-08 00:55:44,674 - go-pharmacy - INFO - Chunk starting at 1900: Yielded 100/100 valid visual points
2026-03-08 00:56:19,574 - go-pharmacy - INFO - Chunk starting at 2000: Yielded 100/100 valid visual points
2026-03-08 00:56:54,971 - go-pharmacy - INFO - Chunk starting at 2100: Yielded 100/100 valid visual points
2026-03-08 00:57:26,638 - go-pharmacy - INFO - Chunk starting at 2200: Yielded 100/100 valid visual points
2026-03-08 00:57:45,875 - go-pharmacy - INFO - Chunk starting at 2300: Yielded 100/100 valid visual points
2026-03-08 00:58:11,919 - go-pharmacy - INFO - Chunk starting at 2400: Yielded 100/100 valid visual points
2026-03-08 00:58:30,162 - go-pharmacy - INFO - Chunk starting at 2500: Yielded 100/100 valid visual points
2026-03-08 00:58:48,478 - go-pharmacy - INFO - Chunk starting at 2600: Yielded 100/100 valid visual points
2026-03-08 00:59:07,919 - go-pharmacy - INFO - Chunk starting at 2700: Yielded 100/100 valid visual points
2026-03-08 00:59:28,754 - go-pharmacy - INFO - Chunk starting at 2800: Yielded 100/100 valid visual points
2026-03-08 00:59:45,678 - go-pharmacy - INFO - Chunk starting at 2900: Yielded 100/100 valid visual points
2026-03-08 01:00:11,800 - go-pharmacy - INFO - Chunk starting at 3000: Yielded 100/100 valid visual points
2026-03-08 01:00:54,764 - go-pharmacy - INFO - Chunk starting at 3100: Yielded 99/100 valid visual points
2026-03-08 01:01:35,018 - go-pharmacy - INFO - Chunk starting at 3200: Yielded 100/100 valid visual points
2026-03-08 01:02:10,838 - go-pharmacy - INFO - Chunk starting at 3300: Yielded 100/100 valid visual points
2026-03-08 01:02:47,645 - go-pharmacy - INFO - Chunk starting at 3400: Yielded 100/100 valid visual points
2026-03-08 01:03:23,472 - go-pharmacy - INFO - Chunk starting at 3500: Yielded 99/100 valid visual points
2026-03-08 01:03:49,213 - go-pharmacy - INFO - Chunk starting at 3600: Yielded 100/100 valid visual points
2026-03-08 01:04:06,074 - go-pharmacy - INFO - Chunk starting at 3700: Yielded 100/100 valid visual points
2026-03-08 01:04:23,616 - go-pharmacy - INFO - Chunk starting at 3800: Yielded 100/100 valid visual points
2026-03-08 01:04:39,919 - go-pharmacy - INFO - Chunk starting at 3900: Yielded 100/100 valid visual points
2026-03-08 01:05:04,488 - go-pharmacy - INFO - Chunk starting at 4000: Yielded 100/100 valid visual points
2026-03-08 01:05:23,197 - go-pharmacy - INFO - Chunk starting at 4100: Yielded 100/100 valid visual points
2026-03-08 01:05:41,480 - go-pharmacy - INFO - Chunk starting at 4200: Yielded 100/100 valid visual points
2026-03-08 01:06:11,708 - go-pharmacy - INFO - Chunk starting at 4300: Yielded 93/100 valid visual points
2026-03-08 01:06:43,677 - go-pharmacy - INFO - Chunk starting at 4400: Yielded 100/100 valid visual points
2026-03-08 01:07:02,859 - go-pharmacy - INFO - Chunk starting at 4500: Yielded 100/100 valid visual points
2026-03-08 01:07:32,493 - go-pharmacy - INFO - Chunk starting at 4600: Yielded 100/100 valid visual points
2026-03-08 01:08:02,087 - go-pharmacy - INFO - Chunk starting at 4700: Yielded 100/100 valid visual points
2026-03-08 01:08:22,295 - go-pharmacy - INFO - Chunk starting at 4800: Yielded 100/100 valid visual points
2026-03-08 01:08:38,470 - go-pharmacy - INFO - Chunk starting at 4900: Yielded 100/100 valid visual points
2026-03-08 01:08:55,076 - go-pharmacy - INFO - Chunk starting at 5000: Yielded 100/100 valid visual points
2026-03-08 01:09:12,679 - go-pharmacy - INFO - Chunk starting at 5100: Yielded 100/100 valid visual points
2026-03-08 01:09:29,877 - go-pharmacy - INFO - Chunk starting at 5200: Yielded 100/100 valid visual points
2026-03-08 01:09:47,162 - go-pharmacy - INFO - Chunk starting at 5300: Yielded 100/100 valid visual points
2026-03-08 01:10:02,887 - go-pharmacy - INFO - Chunk starting at 5400: Yielded 100/100 valid visual points
2026-03-08 01:10:18,770 - go-pharmacy - INFO - Chunk starting at 5500: Yielded 100/100 valid visual points
2026-03-08 01:10:34,958 - go-pharmacy - INFO - Chunk starting at 5600: Yielded 99/100 valid visual points
2026-03-08 01:10:51,327 - go-pharmacy - INFO - Chunk starting at 5700: Yielded 100/100 valid visual points
2026-03-08 01:11:07,783 - go-pharmacy - INFO - Chunk starting at 5800: Yielded 100/100 valid visual points
2026-03-08 01:11:24,934 - go-pharmacy - INFO - Chunk starting at 5900: Yielded 100/100 valid visual points
2026-03-08 01:11:40,903 - go-pharmacy - INFO - Chunk starting at 6000: Yielded 100/100 valid visual points
2026-03-08 01:11:57,642 - go-pharmacy - INFO - Chunk starting at 6100: Yielded 99/100 valid visual points
2026-03-08 01:12:13,304 - go-pharmacy - INFO - Chunk starting at 6200: Yielded 100/100 valid visual points
2026-03-08 01:12:29,972 - go-pharmacy - INFO - Chunk starting at 6300: Yielded 100/100 valid visual points
2026-03-08 01:12:56,366 - go-pharmacy - INFO - Chunk starting at 6400: Yielded 100/100 valid visual points
2026-03-08 01:13:18,455 - go-pharmacy - INFO - Chunk starting at 6500: Yielded 100/100 valid visual points
2026-03-08 01:13:33,985 - go-pharmacy - INFO - Chunk starting at 6600: Yielded 100/100 valid visual points
2026-03-08 01:13:49,509 - go-pharmacy - INFO - Chunk starting at 6700: Yielded 100/100 valid visual points
2026-03-08 01:14:05,662 - go-pharmacy - INFO - Chunk starting at 6800: Yielded 100/100 valid visual points
2026-03-08 01:14:22,136 - go-pharmacy - INFO - Chunk starting at 6900: Yielded 100/100 valid visual points
2026-03-08 01:14:38,215 - go-pharmacy - INFO - Chunk starting at 7000: Yielded 100/100 valid visual points
2026-03-08 01:14:54,801 - go-pharmacy - INFO - Chunk starting at 7100: Yielded 100/100 valid visual points
2026-03-08 01:15:10,532 - go-pharmacy - INFO - Chunk starting at 7200: Yielded 100/100 valid visual points
2026-03-08 01:15:26,010 - go-pharmacy - INFO - Chunk starting at 7300: Yielded 100/100 valid visual points
2026-03-08 01:15:41,445 - go-pharmacy - INFO - Chunk starting at 7400: Yielded 100/100 valid visual points
2026-03-08 01:15:56,282 - go-pharmacy - INFO - Chunk starting at 7500: Yielded 100/100 valid visual points
2026-03-08 01:16:11,965 - go-pharmacy - INFO - Chunk starting at 7600: Yielded 100/100 valid visual points
2026-03-08 01:16:28,024 - go-pharmacy - INFO - Chunk starting at 7700: Yielded 100/100 valid visual points
2026-03-08 01:16:44,642 - go-pharmacy - INFO - Chunk starting at 7800: Yielded 100/100 valid visual points
2026-03-08 01:17:00,910 - go-pharmacy - INFO - Chunk starting at 7900: Yielded 100/100 valid visual points
2026-03-08 01:17:17,450 - go-pharmacy - INFO - Chunk starting at 8000: Yielded 100/100 valid visual points
2026-03-08 01:17:33,691 - go-pharmacy - INFO - Chunk starting at 8100: Yielded 100/100 valid visual points
2026-03-08 01:17:49,377 - go-pharmacy - INFO - Chunk starting at 8200: Yielded 100/100 valid visual points
2026-03-08 01:18:04,772 - go-pharmacy - INFO - Chunk starting at 8300: Yielded 100/100 valid visual points
2026-03-08 01:18:21,122 - go-pharmacy - INFO - Chunk starting at 8400: Yielded 100/100 valid visual points
2026-03-08 01:18:36,270 - go-pharmacy - INFO - Chunk starting at 8500: Yielded 100/100 valid visual points
2026-03-08 01:18:58,555 - go-pharmacy - INFO - Chunk starting at 8600: Yielded 100/100 valid visual points
2026-03-08 01:19:24,555 - go-pharmacy - INFO - Chunk starting at 8700: Yielded 100/100 valid visual points
2026-03-08 01:19:48,104 - go-pharmacy - INFO - Chunk starting at 8800: Yielded 100/100 valid visual points
2026-03-08 01:20:06,123 - go-pharmacy - INFO - Chunk starting at 8900: Yielded 100/100 valid visual points
2026-03-08 01:20:23,017 - go-pharmacy - INFO - Chunk starting at 9000: Yielded 100/100 valid visual points
2026-03-08 01:20:39,865 - go-pharmacy - INFO - Chunk starting at 9100: Yielded 100/100 valid visual points
2026-03-08 01:20:56,339 - go-pharmacy - INFO - Chunk starting at 9200: Yielded 100/100 valid visual points
2026-03-08 01:21:12,959 - go-pharmacy - INFO - Chunk starting at 9300: Yielded 100/100 valid visual points
2026-03-08 01:21:30,680 - go-pharmacy - INFO - Chunk starting at 9400: Yielded 100/100 valid visual points
2026-03-08 01:21:46,861 - go-pharmacy - INFO - Chunk starting at 9500: Yielded 100/100 valid visual points
2026-03-08 01:22:02,305 - go-pharmacy - INFO - Chunk starting at 9600: Yielded 99/100 valid visual points
2026-03-08 01:22:18,529 - go-pharmacy - INFO - Chunk starting at 9700: Yielded 100/100 valid visual points
2026-03-08 01:22:35,008 - go-pharmacy - INFO - Chunk starting at 9800: Yielded 100/100 valid visual points
2026-03-08 01:22:50,139 - go-pharmacy - INFO - Chunk starting at 9900: Yielded 100/100 valid visual points
2026-03-08 01:23:07,212 - go-pharmacy - INFO - Chunk starting at 10000: Yielded 100/100 valid visual points
2026-03-08 01:23:23,958 - go-pharmacy - INFO - Chunk starting at 10100: Yielded 100/100 valid visual points
2026-03-08 01:23:40,958 - go-pharmacy - INFO - Chunk starting at 10200: Yielded 100/100 valid visual points
2026-03-08 01:23:57,748 - go-pharmacy - INFO - Chunk starting at 10300: Yielded 100/100 valid visual points
2026-03-08 01:24:13,244 - go-pharmacy - INFO - Chunk starting at 10400: Yielded 100/100 valid visual points
2026-03-08 01:24:28,105 - go-pharmacy - INFO - Chunk starting at 10500: Yielded 100/100 valid visual points
2026-03-08 01:24:42,924 - go-pharmacy - INFO - Chunk starting at 10600: Yielded 100/100 valid visual points
2026-03-08 01:24:58,113 - go-pharmacy - INFO - Chunk starting at 10700: Yielded 99/100 valid visual points
2026-03-08 01:25:13,254 - go-pharmacy - INFO - Chunk starting at 10800: Yielded 100/100 valid visual points
2026-03-08 01:25:28,928 - go-pharmacy - INFO - Chunk starting at 10900: Yielded 100/100 valid visual points
2026-03-08 01:25:44,236 - go-pharmacy - INFO - Chunk starting at 11000: Yielded 100/100 valid visual points
2026-03-08 01:26:00,460 - go-pharmacy - INFO - Chunk starting at 11100: Yielded 100/100 valid visual points
2026-03-08 01:26:15,668 - go-pharmacy - INFO - Chunk starting at 11200: Yielded 100/100 valid visual points
2026-03-08 01:26:31,912 - go-pharmacy - INFO - Chunk starting at 11300: Yielded 100/100 valid visual points
2026-03-08 01:26:47,281 - go-pharmacy - INFO - Chunk starting at 11400: Yielded 100/100 valid visual points
2026-03-08 01:27:03,527 - go-pharmacy - INFO - Chunk starting at 11500: Yielded 99/100 valid visual points
2026-03-08 01:27:19,350 - go-pharmacy - INFO - Chunk starting at 11600: Yielded 100/100 valid visual points
2026-03-08 01:27:35,402 - go-pharmacy - INFO - Chunk starting at 11700: Yielded 100/100 valid visual points
2026-03-08 01:27:40,306 - go-pharmacy - INFO - Chunk starting at 11800: Yielded 25/25 valid visual points
2026-03-08 01:27:45,794 - go-pharmacy - INFO - Full tablet migration complete via parallel streaming.
2026-03-08 01:27:46,523 - go-pharmacy - INFO - Removing existing collection 'tablets'
2026-03-08 01:27:48,183 - go-pharmacy - INFO - Streaming visual vectors for 11825 medicines using multi-threaded consumer...
2026-03-08 01:28:06,659 - go-pharmacy - INFO - Chunk starting at 0: Yielded 100/100 valid visual points
2026-03-08 01:28:25,367 - go-pharmacy - INFO - Chunk starting at 100: Yielded 100/100 valid visual points
2026-03-08 01:28:44,555 - go-pharmacy - INFO - Chunk starting at 200: Yielded 100/100 valid visual points
2026-03-08 01:29:03,821 - go-pharmacy - INFO - Chunk starting at 300: Yielded 100/100 valid visual points
2026-03-08 01:29:22,098 - go-pharmacy - INFO - Chunk starting at 400: Yielded 100/100 valid visual points
2026-03-08 01:29:42,307 - go-pharmacy - INFO - Chunk starting at 500: Yielded 100/100 valid visual points
2026-03-08 01:30:01,691 - go-pharmacy - INFO - Chunk starting at 600: Yielded 100/100 valid visual points
2026-03-08 01:31:26,964 - go-pharmacy - INFO - Removing existing collection 'tablets'
2026-03-08 01:31:28,325 - go-pharmacy - INFO - Streaming visual vectors for 11825 medicines using multi-threaded consumer...
2026-03-08 01:31:51,177 - go-pharmacy - INFO - Chunk starting at 0: Yielded 100/100 valid visual points
2026-03-08 01:32:07,783 - go-pharmacy - INFO - Chunk starting at 100: Yielded 100/100 valid visual points
2026-03-08 01:32:24,742 - go-pharmacy - INFO - Chunk starting at 200: Yielded 100/100 valid visual points
2026-03-08 01:32:41,526 - go-pharmacy - INFO - Chunk starting at 300: Yielded 100/100 valid visual points
2026-03-08 01:32:58,326 - go-pharmacy - INFO - Chunk starting at 400: Yielded 100/100 valid visual points
2026-03-08 01:33:15,031 - go-pharmacy - INFO - Chunk starting at 500: Yielded 100/100 valid visual points
2026-03-08 01:33:31,217 - go-pharmacy - INFO - Chunk starting at 600: Yielded 100/100 valid visual points
2026-03-08 01:33:48,662 - go-pharmacy - INFO - Chunk starting at 700: Yielded 100/100 valid visual points
2026-03-08 01:34:04,912 - go-pharmacy - INFO - Chunk starting at 800: Yielded 100/100 valid visual points
2026-03-08 01:34:22,044 - go-pharmacy - INFO - Chunk starting at 900: Yielded 100/100 valid visual points
2026-03-08 01:34:38,926 - go-pharmacy - INFO - Chunk starting at 1000: Yielded 100/100 valid visual points
2026-03-08 01:34:55,648 - go-pharmacy - INFO - Chunk starting at 1100: Yielded 100/100 valid visual points
2026-03-08 01:35:12,769 - go-pharmacy - INFO - Chunk starting at 1200: Yielded 100/100 valid visual points
2026-03-08 01:35:30,604 - go-pharmacy - INFO - Chunk starting at 1300: Yielded 100/100 valid visual points
2026-03-08 01:35:46,860 - go-pharmacy - INFO - Chunk starting at 1400: Yielded 100/100 valid visual points
2026-03-08 01:36:02,726 - go-pharmacy - INFO - Chunk starting at 1500: Yielded 100/100 valid visual points
2026-03-08 01:36:19,921 - go-pharmacy - INFO - Chunk starting at 1600: Yielded 100/100 valid visual points
2026-03-08 01:36:36,650 - go-pharmacy - INFO - Chunk starting at 1700: Yielded 100/100 valid visual points
2026-03-08 01:36:52,506 - go-pharmacy - INFO - Chunk starting at 1800: Yielded 100/100 valid visual points
2026-03-08 01:37:08,235 - go-pharmacy - INFO - Chunk starting at 1900: Yielded 100/100 valid visual points
2026-03-08 01:37:25,341 - go-pharmacy - INFO - Chunk starting at 2000: Yielded 100/100 valid visual points
2026-03-08 01:37:42,379 - go-pharmacy - INFO - Chunk starting at 2100: Yielded 100/100 valid visual points
2026-03-08 01:37:58,231 - go-pharmacy - INFO - Chunk starting at 2200: Yielded 100/100 valid visual points
2026-03-08 01:38:14,491 - go-pharmacy - INFO - Chunk starting at 2300: Yielded 100/100 valid visual points
2026-03-08 01:38:30,567 - go-pharmacy - INFO - Chunk starting at 2400: Yielded 100/100 valid visual points
2026-03-08 01:38:46,606 - go-pharmacy - INFO - Chunk starting at 2500: Yielded 100/100 valid visual points
2026-03-08 01:39:03,544 - go-pharmacy - INFO - Chunk starting at 2600: Yielded 100/100 valid visual points
2026-03-08 01:39:19,196 - go-pharmacy - INFO - Chunk starting at 2700: Yielded 100/100 valid visual points
2026-03-08 01:39:35,951 - go-pharmacy - INFO - Chunk starting at 2800: Yielded 100/100 valid visual points
2026-03-08 01:39:52,808 - go-pharmacy - INFO - Chunk starting at 2900: Yielded 100/100 valid visual points
2026-03-08 01:40:09,324 - go-pharmacy - INFO - Chunk starting at 3000: Yielded 100/100 valid visual points
2026-03-08 01:40:25,805 - go-pharmacy - INFO - Chunk starting at 3100: Yielded 100/100 valid visual points
2026-03-08 01:40:42,383 - go-pharmacy - INFO - Chunk starting at 3200: Yielded 100/100 valid visual points
2026-03-08 01:40:59,084 - go-pharmacy - INFO - Chunk starting at 3300: Yielded 100/100 valid visual points
2026-03-08 01:41:16,059 - go-pharmacy - INFO - Chunk starting at 3400: Yielded 100/100 valid visual points
2026-03-08 01:41:33,116 - go-pharmacy - INFO - Chunk starting at 3500: Yielded 100/100 valid visual points
2026-03-08 01:41:48,571 - go-pharmacy - INFO - Chunk starting at 3600: Yielded 100/100 valid visual points
2026-03-08 01:42:05,632 - go-pharmacy - INFO - Chunk starting at 3700: Yielded 100/100 valid visual points
2026-03-08 01:42:22,027 - go-pharmacy - INFO - Chunk starting at 3800: Yielded 100/100 valid visual points
2026-03-08 01:42:38,370 - go-pharmacy - INFO - Chunk starting at 3900: Yielded 100/100 valid visual points
2026-03-08 01:42:56,235 - go-pharmacy - INFO - Chunk starting at 4000: Yielded 100/100 valid visual points
2026-03-08 01:43:13,375 - go-pharmacy - INFO - Chunk starting at 4100: Yielded 100/100 valid visual points
2026-03-08 01:43:30,362 - go-pharmacy - INFO - Chunk starting at 4200: Yielded 100/100 valid visual points
2026-03-08 01:43:46,422 - go-pharmacy - INFO - Chunk starting at 4300: Yielded 100/100 valid visual points
2026-03-08 01:44:02,797 - go-pharmacy - INFO - Chunk starting at 4400: Yielded 100/100 valid visual points
2026-03-08 01:44:20,010 - go-pharmacy - INFO - Chunk starting at 4500: Yielded 100/100 valid visual points
2026-03-08 01:44:36,978 - go-pharmacy - INFO - Chunk starting at 4600: Yielded 100/100 valid visual points
2026-03-08 01:44:54,598 - go-pharmacy - INFO - Chunk starting at 4700: Yielded 100/100 valid visual points
2026-03-08 01:45:11,742 - go-pharmacy - INFO - Chunk starting at 4800: Yielded 100/100 valid visual points
2026-03-08 01:45:29,292 - go-pharmacy - INFO - Chunk starting at 4900: Yielded 100/100 valid visual points
2026-03-08 01:45:45,875 - go-pharmacy - INFO - Chunk starting at 5000: Yielded 100/100 valid visual points
2026-03-08 01:46:02,266 - go-pharmacy - INFO - Chunk starting at 5100: Yielded 100/100 valid visual points
2026-03-08 01:46:19,853 - go-pharmacy - INFO - Chunk starting at 5200: Yielded 100/100 valid visual points
2026-03-08 01:46:36,992 - go-pharmacy - INFO - Chunk starting at 5300: Yielded 100/100 valid visual points
2026-03-08 01:46:58,822 - go-pharmacy - INFO - Chunk starting at 5400: Yielded 100/100 valid visual points
2026-03-08 01:47:23,845 - go-pharmacy - INFO - Chunk starting at 5500: Yielded 100/100 valid visual points
2026-03-08 01:47:41,684 - go-pharmacy - INFO - Chunk starting at 5600: Yielded 99/100 valid visual points
2026-03-08 01:47:57,014 - go-pharmacy - INFO - Chunk starting at 5700: Yielded 100/100 valid visual points
2026-03-08 01:48:10,853 - go-pharmacy - INFO - Chunk starting at 5800: Yielded 100/100 valid visual points
2026-03-08 01:48:24,560 - go-pharmacy - INFO - Chunk starting at 5900: Yielded 100/100 valid visual points
2026-03-08 01:48:37,497 - go-pharmacy - INFO - Chunk starting at 6000: Yielded 100/100 valid visual points
2026-03-08 01:48:51,263 - go-pharmacy - INFO - Chunk starting at 6100: Yielded 100/100 valid visual points
2026-03-08 01:49:04,024 - go-pharmacy - INFO - Chunk starting at 6200: Yielded 100/100 valid visual points
2026-03-08 01:49:17,572 - go-pharmacy - INFO - Chunk starting at 6300: Yielded 100/100 valid visual points
2026-03-08 01:49:30,822 - go-pharmacy - INFO - Chunk starting at 6400: Yielded 100/100 valid visual points
2026-03-08 01:49:45,180 - go-pharmacy - INFO - Chunk starting at 6500: Yielded 100/100 valid visual points
2026-03-08 01:50:00,361 - go-pharmacy - INFO - Chunk starting at 6600: Yielded 100/100 valid visual points
2026-03-08 01:50:17,463 - go-pharmacy - INFO - Chunk starting at 6700: Yielded 100/100 valid visual points
2026-03-08 01:50:50,199 - go-pharmacy - INFO - Chunk starting at 6800: Yielded 77/100 valid visual points
2026-03-08 01:51:24,329 - go-pharmacy - INFO - Chunk starting at 6900: Yielded 81/100 valid visual points
2026-03-08 01:51:47,347 - go-pharmacy - INFO - Chunk starting at 7000: Yielded 100/100 valid visual points
2026-03-08 01:52:21,306 - go-pharmacy - INFO - Chunk starting at 7100: Yielded 90/100 valid visual points
2026-03-08 01:52:54,896 - go-pharmacy - INFO - Chunk starting at 7200: Yielded 92/100 valid visual points
2026-03-08 01:53:25,347 - go-pharmacy - INFO - Chunk starting at 7300: Yielded 98/100 valid visual points
2026-03-08 01:53:53,439 - go-pharmacy - INFO - Chunk starting at 7400: Yielded 100/100 valid visual points
2026-03-08 01:54:34,460 - go-pharmacy - INFO - Chunk starting at 7500: Yielded 88/100 valid visual points
2026-03-08 01:55:05,110 - go-pharmacy - INFO - Chunk starting at 7600: Yielded 89/100 valid visual points
2026-03-08 01:55:24,221 - go-pharmacy - INFO - Chunk starting at 7700: Yielded 100/100 valid visual points
2026-03-08 01:55:43,187 - go-pharmacy - INFO - Chunk starting at 7800: Yielded 100/100 valid visual points
2026-03-08 01:56:02,363 - go-pharmacy - INFO - Chunk starting at 7900: Yielded 100/100 valid visual points
2026-03-08 01:56:21,476 - go-pharmacy - INFO - Chunk starting at 8000: Yielded 100/100 valid visual points
2026-03-08 01:56:40,759 - go-pharmacy - INFO - Chunk starting at 8100: Yielded 100/100 valid visual points
2026-03-08 01:56:58,751 - go-pharmacy - INFO - Chunk starting at 8200: Yielded 100/100 valid visual points
2026-03-08 01:57:17,112 - go-pharmacy - INFO - Chunk starting at 8300: Yielded 100/100 valid visual points
2026-03-08 01:57:37,450 - go-pharmacy - INFO - Chunk starting at 8400: Yielded 100/100 valid visual points
2026-03-08 01:57:55,393 - go-pharmacy - INFO - Chunk starting at 8500: Yielded 100/100 valid visual points
2026-03-08 01:58:24,265 - go-pharmacy - INFO - Chunk starting at 8600: Yielded 70/100 valid visual points
2026-03-08 01:58:45,926 - go-pharmacy - INFO - Chunk starting at 8700: Yielded 100/100 valid visual points
2026-03-08 01:59:07,566 - go-pharmacy - INFO - Chunk starting at 8800: Yielded 100/100 valid visual points
2026-03-08 01:59:36,854 - go-pharmacy - INFO - Chunk starting at 8900: Yielded 94/100 valid visual points
2026-03-08 02:00:12,067 - go-pharmacy - INFO - Chunk starting at 9000: Yielded 99/100 valid visual points
2026-03-08 02:00:41,048 - go-pharmacy - INFO - Chunk starting at 9100: Yielded 100/100 valid visual points
2026-03-08 02:01:11,115 - go-pharmacy - INFO - Chunk starting at 9200: Yielded 88/100 valid visual points
2026-03-08 02:01:49,053 - go-pharmacy - INFO - Chunk starting at 9300: Yielded 89/100 valid visual points
2026-03-08 02:02:27,341 - go-pharmacy - INFO - Chunk starting at 9400: Yielded 92/100 valid visual points
2026-03-08 02:03:05,337 - go-pharmacy - INFO - Chunk starting at 9500: Yielded 94/100 valid visual points
2026-03-08 02:03:33,151 - go-pharmacy - INFO - Chunk starting at 9600: Yielded 92/100 valid visual points
2026-03-08 02:03:54,461 - go-pharmacy - INFO - Chunk starting at 9700: Yielded 100/100 valid visual points
2026-03-08 02:04:27,368 - go-pharmacy - INFO - Chunk starting at 9800: Yielded 92/100 valid visual points
2026-03-08 02:05:02,485 - go-pharmacy - INFO - Chunk starting at 9900: Yielded 98/100 valid visual points
2026-03-08 02:05:33,540 - go-pharmacy - INFO - Chunk starting at 10000: Yielded 88/100 valid visual points
2026-03-08 02:05:46,531 - go-pharmacy - INFO - Shutting down Where is my Medicine? API...
2026-03-08 02:05:46,538 - go-pharmacy - INFO - Shutting down Where is my Medicine? API...
2026-03-08 02:06:05,556 - go-pharmacy - INFO - Chunk starting at 10100: Yielded 100/100 valid visual points
2026-03-08 02:06:10,666 - go-pharmacy - INFO - TabletRecognizerService initialized (Connected to Qdrant Cloud: tablets)
2026-03-08 02:06:10,667 - go-pharmacy - INFO - TabletRecognizerService initialized (Connected to Qdrant Cloud: tablets)
2026-03-08 02:06:17,876 - go-pharmacy - INFO - SymptomSearchService initialized (Connected to Qdrant Cloud: symptoms)
2026-03-08 02:06:17,878 - go-pharmacy - INFO - SymptomSearchService initialized (Connected to Qdrant Cloud: symptoms)
2026-03-08 02:06:17,896 - go-pharmacy - INFO - Starting Where is my Medicine? API...
2026-03-08 02:06:17,899 - go-pharmacy - INFO - Starting Where is my Medicine? API...
2026-03-08 02:06:29,633 - go-pharmacy - INFO - Chunk starting at 10200: Yielded 100/100 valid visual points
2026-03-08 02:06:47,657 - go-pharmacy - INFO - Chunk starting at 10300: Yielded 100/100 valid visual points
2026-03-08 02:07:07,360 - go-pharmacy - INFO - Chunk starting at 10400: Yielded 100/100 valid visual points
2026-03-08 02:07:25,716 - go-pharmacy - INFO - Chunk starting at 10500: Yielded 100/100 valid visual points
2026-03-08 02:07:43,179 - go-pharmacy - INFO - Chunk starting at 10600: Yielded 100/100 valid visual points
2026-03-08 02:08:01,960 - go-pharmacy - INFO - Chunk starting at 10700: Yielded 100/100 valid visual points
2026-03-08 02:08:22,092 - go-pharmacy - INFO - Chunk starting at 10800: Yielded 100/100 valid visual points
2026-03-08 02:08:40,018 - go-pharmacy - INFO - Chunk starting at 10900: Yielded 100/100 valid visual points
2026-03-08 02:08:58,048 - go-pharmacy - INFO - Chunk starting at 11000: Yielded 100/100 valid visual points
2026-03-08 02:09:19,157 - go-pharmacy - INFO - Chunk starting at 11100: Yielded 100/100 valid visual points
2026-03-08 02:09:38,784 - go-pharmacy - INFO - Chunk starting at 11200: Yielded 100/100 valid visual points
2026-03-08 02:09:57,410 - go-pharmacy - INFO - Chunk starting at 11300: Yielded 100/100 valid visual points
2026-03-08 02:10:14,604 - go-pharmacy - INFO - Chunk starting at 11400: Yielded 100/100 valid visual points
2026-03-08 02:10:30,703 - go-pharmacy - INFO - Chunk starting at 11500: Yielded 100/100 valid visual points
2026-03-08 02:10:47,993 - go-pharmacy - INFO - Chunk starting at 11600: Yielded 100/100 valid visual points
2026-03-08 02:11:04,838 - go-pharmacy - INFO - Chunk starting at 11700: Yielded 100/100 valid visual points
2026-03-08 02:11:09,851 - go-pharmacy - INFO - Chunk starting at 11800: Yielded 25/25 valid visual points
2026-03-08 02:11:13,944 - go-pharmacy - INFO - Full tablet migration complete via parallel streaming.
2026-03-08 02:16:32,688 - go-pharmacy - INFO - Shutting down Where is my Medicine? API...
2026-03-08 02:16:50,658 - go-pharmacy - INFO - TabletRecognizerService initialized (Connected to Qdrant Cloud: tablets)
2026-03-08 02:16:52,970 - go-pharmacy - INFO - SymptomSearchService initialized (Connected to Qdrant Cloud: symptoms)
2026-03-08 02:16:52,976 - go-pharmacy - INFO - Starting Where is my Medicine? API...
2026-03-08 02:17:16,081 - go-pharmacy - INFO - --> Incoming API Request: POST /api/tablet-photo | Query: 
2026-03-08 02:17:16,085 - go-pharmacy - INFO - Processing tablet photo upload: 180_23814007-3654-427a-986c-5b7030978377_23814007-3654-427a-986c-5b7030978377-1.jpg
2026-03-08 02:17:19,988 - go-pharmacy - INFO - Loading Vision model for tablet recognition...
2026-03-08 02:17:20,501 - go-pharmacy - INFO - Identifying tablet image...
2026-03-08 02:17:40,844 - go-pharmacy - INFO - <-- Outgoing API Response: POST /api/tablet-photo | Status: 200 | Time: 24.762s
2026-03-08 02:17:40,850 - go-pharmacy - INFO - --> Incoming API Request: GET /api/search-medicine | Query: q=Yamini+LS+Kit
2026-03-08 02:17:40,851 - go-pharmacy - INFO - Medicine search query: Yamini LS Kit
2026-03-08 02:17:40,892 - go-pharmacy - INFO - <-- Outgoing API Response: GET /api/search-medicine | Status: 200 | Time: 0.043s
2026-03-08 02:17:40,898 - go-pharmacy - INFO - --> Incoming API Request: GET /api/pharmacies-nearby | Query: medicine=Yamini+LS+Kit&lat=11.026672&lon=77.027018
2026-03-08 02:17:40,907 - go-pharmacy - INFO - <-- Outgoing API Response: GET /api/pharmacies-nearby | Status: 422 | Time: 0.009s
2026-03-08 02:18:17,250 - go-pharmacy - INFO - --> Incoming API Request: GET /api/search-medicine | Query: q=atarax
2026-03-08 02:18:17,251 - go-pharmacy - INFO - Medicine search query: atarax
2026-03-08 02:18:17,295 - go-pharmacy - INFO - <-- Outgoing API Response: GET /api/search-medicine | Status: 200 | Time: 0.045s
2026-03-08 02:18:17,300 - go-pharmacy - INFO - --> Incoming API Request: GET /api/pharmacies-nearby | Query: medicine=Atarax+25mg+Tablet&lat=11.026672&lon=77.027018
2026-03-08 02:18:17,302 - go-pharmacy - INFO - <-- Outgoing API Response: GET /api/pharmacies-nearby | Status: 422 | Time: 0.002s
2026-03-08 02:19:55,927 - go-pharmacy - INFO - --> Incoming API Request: POST /api/prescription | Query: 
2026-03-08 02:19:55,930 - go-pharmacy - INFO - Processing prescription upload: WhatsApp Image 2026-03-07 at 7.24.33 PM.jpeg
2026-03-08 02:19:58,131 - go-pharmacy - INFO - <-- Outgoing API Response: POST /api/prescription | Status: 200 | Time: 2.204s
2026-03-08 02:20:03,069 - go-pharmacy - INFO - --> Incoming API Request: POST /api/prescription | Query: 
2026-03-08 02:20:03,070 - go-pharmacy - INFO - Processing prescription upload: WhatsApp Image 2026-03-07 at 7.24.33 PM.jpeg
2026-03-08 02:20:05,221 - go-pharmacy - INFO - <-- Outgoing API Response: POST /api/prescription | Status: 200 | Time: 2.151s
2026-03-08 02:26:37,456 - go-pharmacy - INFO - --> Incoming API Request: POST /api/tablet-photo | Query: 
2026-03-08 02:26:37,460 - go-pharmacy - INFO - Processing tablet photo upload: avastin.jpg
2026-03-08 02:26:38,374 - go-pharmacy - INFO - Identifying tablet image...
2026-03-08 02:26:42,336 - go-pharmacy - INFO - <-- Outgoing API Response: POST /api/tablet-photo | Status: 200 | Time: 4.880s
2026-03-08 02:26:42,340 - go-pharmacy - INFO - --> Incoming API Request: GET /api/search-medicine | Query: q=Bisgram+Tablet
2026-03-08 02:26:42,341 - go-pharmacy - INFO - Medicine search query: Bisgram Tablet
2026-03-08 02:26:42,380 - go-pharmacy - INFO - <-- Outgoing API Response: GET /api/search-medicine | Status: 200 | Time: 0.040s
2026-03-08 02:26:42,385 - go-pharmacy - INFO - --> Incoming API Request: GET /api/pharmacies-nearby | Query: medicine=Bisgram+Tablet&lat=11.026672&lon=77.027018
2026-03-08 02:26:42,389 - go-pharmacy - INFO - <-- Outgoing API Response: GET /api/pharmacies-nearby | Status: 422 | Time: 0.003s
2026-03-08 02:27:18,376 - go-pharmacy - INFO - --> Incoming API Request: POST /api/prescription | Query: 
2026-03-08 02:27:18,378 - go-pharmacy - INFO - Processing prescription upload: WhatsApp Image 2026-03-07 at 7.24.33 PM.jpeg
2026-03-08 02:27:20,973 - go-pharmacy - INFO - <-- Outgoing API Response: POST /api/prescription | Status: 200 | Time: 2.598s
2026-03-08 02:30:53,552 - go-pharmacy - INFO - Shutting down Where is my Medicine? API...
2026-03-08 02:31:18,064 - go-pharmacy - INFO - TabletRecognizerService initialized (Connected to Qdrant Cloud: tablets)
2026-03-08 02:31:23,544 - go-pharmacy - INFO - SymptomSearchService initialized (Connected to Qdrant Cloud: symptoms)
2026-03-08 02:31:23,552 - go-pharmacy - INFO - Starting Where is my Medicine? API...
2026-03-08 02:32:01,100 - go-pharmacy - INFO - Shutting down Where is my Medicine? API...
2026-03-08 02:32:11,671 - go-pharmacy - INFO - TabletRecognizerService initialized (Connected to Qdrant Cloud: tablets)
2026-03-08 02:32:15,651 - go-pharmacy - INFO - SymptomSearchService initialized (Connected to Qdrant Cloud: symptoms)
2026-03-08 02:32:15,662 - go-pharmacy - INFO - Starting Where is my Medicine? API...
2026-03-08 02:34:34,742 - go-pharmacy - INFO - --> Incoming API Request: POST /api/tablet-photo | Query: 
2026-03-08 02:34:34,758 - go-pharmacy - INFO - Processing tablet photo upload: avastin.jpg
2026-03-08 02:34:35,886 - go-pharmacy - INFO - Identifying tablet image...
2026-03-08 02:34:50,016 - go-pharmacy - INFO - <-- Outgoing API Response: POST /api/tablet-photo | Status: 200 | Time: 15.275s
2026-03-08 02:34:50,031 - go-pharmacy - INFO - --> Incoming API Request: GET /api/search-medicine | Query: q=Bisgram+Tablet
2026-03-08 02:34:50,033 - go-pharmacy - INFO - Medicine search query: Bisgram Tablet
2026-03-08 02:34:50,074 - go-pharmacy - INFO - <-- Outgoing API Response: GET /api/search-medicine | Status: 200 | Time: 0.043s
2026-03-08 02:34:50,080 - go-pharmacy - INFO - --> Incoming API Request: GET /api/pharmacies-nearby | Query: medicine=Bisgram+Tablet&lat=11.0168&lon=76.9558
2026-03-08 02:34:50,087 - go-pharmacy - INFO - <-- Outgoing API Response: GET /api/pharmacies-nearby | Status: 422 | Time: 0.007s
2026-03-08 02:34:55,186 - go-pharmacy - INFO - Shutting down Where is my Medicine? API...
2026-03-08 02:35:14,138 - go-pharmacy - INFO - TabletRecognizerService initialized (Connected to Qdrant Cloud: tablets)
2026-03-08 02:35:18,506 - go-pharmacy - INFO - SymptomSearchService initialized (Connected to Qdrant Cloud: symptoms)
2026-03-08 02:35:18,519 - go-pharmacy - INFO - Starting Where is my Medicine? API...
2026-03-08 02:35:19,112 - go-pharmacy - INFO - Shutting down Where is my Medicine? API...
2026-03-08 02:35:35,520 - go-pharmacy - INFO - TabletRecognizerService initialized (Connected to Qdrant Cloud: tablets)
2026-03-08 02:35:40,602 - go-pharmacy - INFO - SymptomSearchService initialized (Connected to Qdrant Cloud: symptoms)
2026-03-08 02:35:40,615 - go-pharmacy - INFO - Starting Where is my Medicine? API...
2026-03-08 02:35:41,208 - go-pharmacy - INFO - --> Incoming API Request: POST /api/prescription | Query: 
2026-03-08 02:35:41,210 - go-pharmacy - INFO - Processing prescription upload: avastin.jpg
2026-03-08 02:35:41,211 - go-pharmacy - INFO - <-- Outgoing API Response: POST /api/prescription | Status: 500 | Time: 0.004s
2026-03-08 02:36:07,808 - go-pharmacy - INFO - --> Incoming API Request: POST /api/prescription | Query: 
2026-03-08 02:36:07,812 - go-pharmacy - INFO - Processing prescription upload: WhatsApp Image 2026-03-07 at 7.24.33 PM.jpeg
2026-03-08 02:36:07,813 - go-pharmacy - INFO - <-- Outgoing API Response: POST /api/prescription | Status: 500 | Time: 0.004s
2026-03-08 02:37:03,905 - go-pharmacy - INFO - Shutting down Where is my Medicine? API...
2026-03-08 02:37:12,582 - go-pharmacy - INFO - TabletRecognizerService initialized (Connected to Qdrant Cloud: tablets)
2026-03-08 02:37:15,218 - go-pharmacy - INFO - SymptomSearchService initialized (Connected to Qdrant Cloud: symptoms)
2026-03-08 02:37:15,229 - go-pharmacy - INFO - Starting Where is my Medicine? API...
2026-03-08 02:37:15,580 - go-pharmacy - INFO - Shutting down Where is my Medicine? API...
2026-03-08 02:37:24,884 - go-pharmacy - INFO - TabletRecognizerService initialized (Connected to Qdrant Cloud: tablets)
2026-03-08 02:37:25,808 - go-pharmacy - INFO - TabletRecognizerService initialized (Connected to Qdrant Cloud: tablets)
2026-03-08 02:37:27,912 - go-pharmacy - INFO - SymptomSearchService initialized (Connected to Qdrant Cloud: symptoms)
2026-03-08 02:37:27,921 - go-pharmacy - INFO - Starting Where is my Medicine? API...
2026-03-08 02:37:28,846 - go-pharmacy - INFO - SymptomSearchService initialized (Connected to Qdrant Cloud: symptoms)
2026-03-08 02:37:28,855 - go-pharmacy - INFO - Starting Where is my Medicine? API...
2026-03-08 02:38:30,489 - go-pharmacy - INFO - TabletRecognizerService initialized (Connected to Qdrant Cloud: tablets)
2026-03-08 02:38:34,634 - go-pharmacy - INFO - SymptomSearchService initialized (Connected to Qdrant Cloud: symptoms)
2026-03-08 02:38:34,646 - go-pharmacy - INFO - Starting Where is my Medicine? API...
2026-03-08 02:38:35,031 - go-pharmacy - INFO - Shutting down Where is my Medicine? API...
2026-03-08 02:39:18,466 - go-pharmacy - INFO - Shutting down Where is my Medicine? API...
2026-03-08 02:39:27,255 - go-pharmacy - INFO - TabletRecognizerService initialized (Connected to Qdrant Cloud: tablets)
2026-03-08 02:39:29,967 - go-pharmacy - INFO - SymptomSearchService initialized (Connected to Qdrant Cloud: symptoms)
2026-03-08 02:39:29,977 - go-pharmacy - INFO - Starting Where is my Medicine? API...
2026-03-08 02:40:09,365 - go-pharmacy - INFO - --> Incoming API Request: POST /api/prescription | Query: 
2026-03-08 02:40:09,368 - go-pharmacy - INFO - Processing prescription upload: WhatsApp Image 2026-03-07 at 7.24.33 PM.jpeg
2026-03-08 02:40:09,369 - go-pharmacy - INFO - <-- Outgoing API Response: POST /api/prescription | Status: 500 | Time: 0.004s
2026-03-08 02:40:09,487 - go-pharmacy - INFO - Shutting down Where is my Medicine? API...
2026-03-08 02:40:21,194 - go-pharmacy - INFO - TabletRecognizerService initialized (Connected to Qdrant Cloud: tablets)
2026-03-08 02:40:25,502 - go-pharmacy - INFO - SymptomSearchService initialized (Connected to Qdrant Cloud: symptoms)
2026-03-08 02:40:25,515 - go-pharmacy - INFO - Starting Where is my Medicine? API...
2026-03-08 02:40:26,137 - go-pharmacy - INFO - Shutting down Where is my Medicine? API...
2026-03-08 02:40:36,681 - go-pharmacy - INFO - TabletRecognizerService initialized (Connected to Qdrant Cloud: tablets)
2026-03-08 02:40:40,426 - go-pharmacy - INFO - SymptomSearchService initialized (Connected to Qdrant Cloud: symptoms)
2026-03-08 02:40:40,436 - go-pharmacy - INFO - Starting Where is my Medicine? API...
2026-03-08 02:40:41,013 - go-pharmacy - INFO - --> Incoming API Request: POST /api/tablet-photo | Query: 
2026-03-08 02:40:41,015 - go-pharmacy - INFO - Processing tablet photo upload: avastin.jpg
2026-03-08 02:40:42,262 - go-pharmacy - INFO - Loading Vision model for tablet recognition...
2026-03-08 02:40:42,889 - go-pharmacy - INFO - Identifying tablet image...
2026-03-08 02:40:43,791 - go-pharmacy - WARNING - No high-confidence tablet vision match found.
2026-03-08 02:40:43,792 - go-pharmacy - INFO - <-- Outgoing API Response: POST /api/tablet-photo | Status: 200 | Time: 2.779s
2026-03-08 02:40:58,427 - go-pharmacy - INFO - --> Incoming API Request: GET /api/search-medicine | Query: q=paracetomol
2026-03-08 02:40:58,428 - go-pharmacy - INFO - Medicine search query: paracetomol
2026-03-08 02:40:58,473 - go-pharmacy - INFO - <-- Outgoing API Response: GET /api/search-medicine | Status: 200 | Time: 0.046s
2026-03-08 02:40:58,479 - go-pharmacy - INFO - --> Incoming API Request: GET /api/pharmacies-nearby | Query: medicine=StayHappi+Chlorzoxazone%2BDiclofenac%2BParacetamol+500mg%2F50mg%2F325mg+Tablet&lat=11.0168&lon=76.9558
2026-03-08 02:40:58,482 - go-pharmacy - INFO - Finding nearby pharmacies for medicine: StayHappi Chlorzoxazone+Diclofenac+Paracetamol 500mg/50mg/325mg Tablet at (11.0168, 76.9558) within 5km
2026-03-08 02:41:00,637 - go-pharmacy - INFO - <-- Outgoing API Response: GET /api/pharmacies-nearby | Status: 200 | Time: 2.159s
2026-03-08 02:42:03,863 - go-pharmacy - INFO - Shutting down Where is my Medicine? API...
2026-03-08 02:42:16,521 - go-pharmacy - INFO - TabletRecognizerService initialized (Connected to Qdrant Cloud: tablets)
2026-03-08 02:42:20,874 - go-pharmacy - INFO - SymptomSearchService initialized (Connected to Qdrant Cloud: symptoms)
2026-03-08 02:42:20,883 - go-pharmacy - INFO - Starting Where is my Medicine? API...
2026-03-08 02:42:40,869 - go-pharmacy - INFO - --> Incoming API Request: GET /api/symptom-search | Query: symptoms=heart+attack
2026-03-08 02:42:40,870 - go-pharmacy - INFO - Symptom search query: heart attack
2026-03-08 02:42:40,871 - go-pharmacy - INFO - Loading BAAI/bge-small-en-v1.5 model for symptom search...
2026-03-08 02:42:45,965 - go-pharmacy - INFO - Symptom search query: heart attack
2026-03-08 02:42:46,832 - go-pharmacy - INFO - Found 5 matches in Qdrant.
2026-03-08 02:42:46,833 - go-pharmacy - INFO - <-- Outgoing API Response: GET /api/symptom-search | Status: 200 | Time: 5.964s
2026-03-08 02:42:46,838 - go-pharmacy - INFO - --> Incoming API Request: GET /api/pharmacies-nearby | Query: medicine=Gloristat+Trio+Capsule&lat=11.0168&lon=76.9558
2026-03-08 02:42:46,840 - go-pharmacy - INFO - Finding nearby pharmacies for medicine: Gloristat Trio Capsule at (11.0168, 76.9558) within 5km
2026-03-08 02:42:47,188 - go-pharmacy - INFO - <-- Outgoing API Response: GET /api/pharmacies-nearby | Status: 200 | Time: 0.349s
2026-03-08 05:18:03,743 - go-pharmacy - INFO - --> Incoming API Request: GET /api/symptom-search | Query: symptoms=fever
2026-03-08 05:18:03,779 - go-pharmacy - INFO - Symptom search query: fever
2026-03-08 05:18:03,783 - go-pharmacy - INFO - Symptom search query: fever
2026-03-08 05:18:05,098 - go-pharmacy - INFO - Found 5 matches in Qdrant.
2026-03-08 05:18:05,107 - go-pharmacy - INFO - <-- Outgoing API Response: GET /api/symptom-search | Status: 200 | Time: 1.372s
2026-03-08 05:18:05,125 - go-pharmacy - INFO - --> Incoming API Request: GET /api/pharmacies-nearby | Query: medicine=Admol+Junior+125mg+Tablet&lat=11.0168&lon=76.9558
2026-03-08 05:18:05,140 - go-pharmacy - INFO - Finding nearby pharmacies for medicine: Admol Junior 125mg Tablet at (11.0168, 76.9558) within 5km
2026-03-08 05:18:17,916 - go-pharmacy - INFO - --> Incoming API Request: GET /api/search-medicine | Query: q=dolo
2026-03-08 05:18:17,926 - go-pharmacy - INFO - Medicine search query: dolo
2026-03-08 05:18:18,065 - go-pharmacy - INFO - <-- Outgoing API Response: GET /api/search-medicine | Status: 200 | Time: 0.149s
2026-03-08 05:18:18,077 - go-pharmacy - INFO - --> Incoming API Request: GET /api/pharmacies-nearby | Query: medicine=Katadol+Capsule&lat=11.0168&lon=76.9558
2026-03-08 05:18:18,081 - go-pharmacy - INFO - Finding nearby pharmacies for medicine: Katadol Capsule at (11.0168, 76.9558) within 5km
2026-03-08 05:18:19,856 - go-pharmacy - INFO - <-- Outgoing API Response: GET /api/pharmacies-nearby | Status: 200 | Time: 1.779s
2026-03-08 05:19:12,020 - go-pharmacy - INFO - --> Incoming API Request: GET /api/search-medicine | Query: q=dolo
2026-03-08 05:19:12,026 - go-pharmacy - INFO - Medicine search query: dolo
2026-03-08 05:19:12,131 - go-pharmacy - INFO - <-- Outgoing API Response: GET /api/search-medicine | Status: 200 | Time: 0.112s
2026-03-08 05:19:12,147 - go-pharmacy - INFO - --> Incoming API Request: GET /api/pharmacies-nearby | Query: medicine=Katadol+Capsule&lat=11.026919&lon=77.026856
2026-03-08 05:19:12,151 - go-pharmacy - INFO - Finding nearby pharmacies for medicine: Katadol Capsule at (11.026919, 77.026856) within 5km
2026-03-08 05:19:12,502 - go-pharmacy - INFO - <-- Outgoing API Response: GET /api/pharmacies-nearby | Status: 200 | Time: 0.355s
2026-03-08 05:19:43,937 - go-pharmacy - INFO - --> Incoming API Request: GET /api/search-medicine | Query: q=paracetamol
2026-03-08 05:19:43,938 - go-pharmacy - INFO - Medicine search query: paracetamol
2026-03-08 05:19:44,045 - go-pharmacy - INFO - <-- Outgoing API Response: GET /api/search-medicine | Status: 200 | Time: 0.109s
2026-03-08 05:19:44,084 - go-pharmacy - INFO - --> Incoming API Request: GET /api/pharmacies-nearby | Query: medicine=StayHappi+Chlorzoxazone%2BDiclofenac%2BParacetamol+500mg%2F50mg%2F325mg+Tablet&lat=11.027951&lon=77.027702
2026-03-08 05:19:44,090 - go-pharmacy - INFO - Finding nearby pharmacies for medicine: StayHappi Chlorzoxazone+Diclofenac+Paracetamol 500mg/50mg/325mg Tablet at (11.027951, 77.027702) within 5km
2026-03-08 05:19:44,539 - go-pharmacy - INFO - <-- Outgoing API Response: GET /api/pharmacies-nearby | Status: 200 | Time: 0.478s
2026-03-08 05:22:01,610 - go-pharmacy - INFO - --> Incoming API Request: POST /api/tablet-photo | Query: 
2026-03-08 05:22:01,697 - go-pharmacy - INFO - Processing tablet photo upload: avastin.jpg
2026-03-08 05:22:05,621 - go-pharmacy - INFO - Identifying tablet image...
2026-03-08 05:22:07,092 - go-pharmacy - WARNING - No high-confidence tablet vision match found.
2026-03-08 05:22:07,094 - go-pharmacy - INFO - <-- Outgoing API Response: POST /api/tablet-photo | Status: 200 | Time: 5.484s
2026-03-08 05:22:23,755 - go-pharmacy - INFO - --> Incoming API Request: POST /api/prescription | Query: 
2026-03-08 05:22:23,782 - go-pharmacy - INFO - Processing prescription upload: avastin.jpg
2026-03-08 05:22:26,286 - go-pharmacy - INFO - <-- Outgoing API Response: POST /api/prescription | Status: 200 | Time: 2.531s
2026-03-08 05:22:48,384 - go-pharmacy - INFO - --> Incoming API Request: GET /api/search-medicine | Query: q=paracetamol
2026-03-08 05:22:48,385 - go-pharmacy - INFO - Medicine search query: paracetamol
2026-03-08 05:22:48,497 - go-pharmacy - INFO - <-- Outgoing API Response: GET /api/search-medicine | Status: 200 | Time: 0.114s
2026-03-08 05:22:48,511 - go-pharmacy - INFO - --> Incoming API Request: GET /api/pharmacies-nearby | Query: medicine=StayHappi+Chlorzoxazone%2BDiclofenac%2BParacetamol+500mg%2F50mg%2F325mg+Tablet&lat=11.027951&lon=77.027702
2026-03-08 05:22:48,515 - go-pharmacy - INFO - Finding nearby pharmacies for medicine: StayHappi Chlorzoxazone+Diclofenac+Paracetamol 500mg/50mg/325mg Tablet at (11.027951, 77.027702) within 5km
2026-03-08 05:22:48,863 - go-pharmacy - INFO - <-- Outgoing API Response: GET /api/pharmacies-nearby | Status: 200 | Time: 0.352s
2026-03-08 05:50:17,962 - go-pharmacy - INFO - --> Incoming API Request: GET /api/search-medicine | Query: q=paracetamol
2026-03-08 05:50:17,966 - go-pharmacy - INFO - Medicine search query: paracetamol
2026-03-08 05:50:18,055 - go-pharmacy - INFO - <-- Outgoing API Response: GET /api/search-medicine | Status: 200 | Time: 0.093s
2026-03-08 05:50:18,066 - go-pharmacy - INFO - --> Incoming API Request: GET /api/pharmacies-nearby | Query: medicine=StayHappi+Chlorzoxazone%2BDiclofenac%2BParacetamol+500mg%2F50mg%2F325mg+Tablet&lat=11.026919&lon=77.026855
2026-03-08 05:50:18,072 - go-pharmacy - INFO - Finding nearby pharmacies for medicine: StayHappi Chlorzoxazone+Diclofenac+Paracetamol 500mg/50mg/325mg Tablet at (11.026919, 77.026855) within 5km
2026-03-08 05:50:18,658 - go-pharmacy - INFO - <-- Outgoing API Response: GET /api/pharmacies-nearby | Status: 200 | Time: 0.593s
2026-03-08 05:53:51,500 - go-pharmacy - INFO - --> Incoming API Request: GET /api/search-medicine | Query: q=paracetamol
2026-03-08 05:53:51,502 - go-pharmacy - INFO - Medicine search query: paracetamol
2026-03-08 05:53:51,601 - go-pharmacy - INFO - <-- Outgoing API Response: GET /api/search-medicine | Status: 200 | Time: 0.101s
2026-03-08 05:53:51,610 - go-pharmacy - INFO - --> Incoming API Request: GET /api/pharmacies-nearby | Query: medicine=StayHappi+Chlorzoxazone%2BDiclofenac%2BParacetamol+500mg%2F50mg%2F325mg+Tablet&lat=11.026906&lon=77.026854
2026-03-08 05:53:51,613 - go-pharmacy - INFO - Finding nearby pharmacies for medicine: StayHappi Chlorzoxazone+Diclofenac+Paracetamol 500mg/50mg/325mg Tablet at (11.026906, 77.026854) within 5km
2026-03-08 05:53:52,066 - go-pharmacy - INFO - <-- Outgoing API Response: GET /api/pharmacies-nearby | Status: 200 | Time: 0.456s
2026-03-08 05:56:04,755 - go-pharmacy - INFO - --> Incoming API Request: GET /api/search-medicine | Query: q=paracetamol
2026-03-08 05:56:04,758 - go-pharmacy - INFO - Medicine search query: paracetamol
2026-03-08 05:56:04,856 - go-pharmacy - INFO - <-- Outgoing API Response: GET /api/search-medicine | Status: 200 | Time: 0.102s
2026-03-08 05:56:04,866 - go-pharmacy - INFO - --> Incoming API Request: GET /api/pharmacies-nearby | Query: medicine=StayHappi+Chlorzoxazone%2BDiclofenac%2BParacetamol+500mg%2F50mg%2F325mg+Tablet&lat=11.026916&lon=77.02686
2026-03-08 05:56:04,870 - go-pharmacy - INFO - Finding nearby pharmacies for medicine: StayHappi Chlorzoxazone+Diclofenac+Paracetamol 500mg/50mg/325mg Tablet at (11.026916, 77.02686) within 5km
2026-03-08 05:56:05,187 - go-pharmacy - INFO - <-- Outgoing API Response: GET /api/pharmacies-nearby | Status: 200 | Time: 0.321s
2026-03-08 05:57:31,265 - go-pharmacy - INFO - --> Incoming API Request: GET /api/search-medicine | Query: q=paracetamol
2026-03-08 05:57:31,268 - go-pharmacy - INFO - Medicine search query: paracetamol
2026-03-08 05:57:31,356 - go-pharmacy - INFO - <-- Outgoing API Response: GET /api/search-medicine | Status: 200 | Time: 0.091s
2026-03-08 05:57:31,364 - go-pharmacy - INFO - --> Incoming API Request: GET /api/pharmacies-nearby | Query: medicine=StayHappi+Chlorzoxazone%2BDiclofenac%2BParacetamol+500mg%2F50mg%2F325mg+Tablet&lat=11.026925&lon=77.026862
2026-03-08 05:57:31,368 - go-pharmacy - INFO - Finding nearby pharmacies for medicine: StayHappi Chlorzoxazone+Diclofenac+Paracetamol 500mg/50mg/325mg Tablet at (11.026925, 77.026862) within 5km
2026-03-08 05:57:31,814 - go-pharmacy - INFO - <-- Outgoing API Response: GET /api/pharmacies-nearby | Status: 200 | Time: 0.450s
2026-03-08 06:00:08,529 - go-pharmacy - INFO - --> Incoming API Request: GET /api/search-medicine | Query: q=paracetamol
2026-03-08 06:00:08,532 - go-pharmacy - INFO - Medicine search query: paracetamol
2026-03-08 06:00:08,617 - go-pharmacy - INFO - <-- Outgoing API Response: GET /api/search-medicine | Status: 200 | Time: 0.088s
2026-03-08 06:00:08,633 - go-pharmacy - INFO - --> Incoming API Request: GET /api/pharmacies-nearby | Query: medicine=StayHappi+Chlorzoxazone%2BDiclofenac%2BParacetamol+500mg%2F50mg%2F325mg+Tablet&lat=11.026924&lon=77.026861
2026-03-08 06:00:08,639 - go-pharmacy - INFO - Finding nearby pharmacies for medicine: StayHappi Chlorzoxazone+Diclofenac+Paracetamol 500mg/50mg/325mg Tablet at (11.026924, 77.026861) within 5km
2026-03-08 06:00:09,117 - go-pharmacy - INFO - <-- Outgoing API Response: GET /api/pharmacies-nearby | Status: 200 | Time: 0.484s
2026-03-08 06:07:07,536 - go-pharmacy - INFO - --> Incoming API Request: GET /api/search-medicine | Query: q=paracetamol
2026-03-08 06:07:07,539 - go-pharmacy - INFO - Medicine search query: paracetamol
2026-03-08 06:07:07,625 - go-pharmacy - INFO - <-- Outgoing API Response: GET /api/search-medicine | Status: 200 | Time: 0.089s
2026-03-08 06:07:07,637 - go-pharmacy - INFO - --> Incoming API Request: GET /api/pharmacies-nearby | Query: medicine=StayHappi+Chlorzoxazone%2BDiclofenac%2BParacetamol+500mg%2F50mg%2F325mg+Tablet&lat=11.026925&lon=77.026857
2026-03-08 06:07:07,641 - go-pharmacy - INFO - Finding nearby pharmacies for medicine: StayHappi Chlorzoxazone+Diclofenac+Paracetamol 500mg/50mg/325mg Tablet at (11.026925, 77.026857) within 5km
2026-03-08 06:07:08,028 - go-pharmacy - INFO - <-- Outgoing API Response: GET /api/pharmacies-nearby | Status: 200 | Time: 0.392s
2026-03-08 22:39:28,618 - go-pharmacy - INFO - Shutting down Where is my Medicine? API...
2026-03-08 22:39:28,702 - go-pharmacy - INFO - Shutting down Where is my Medicine? API...
2026-03-08 22:39:28,721 - go-pharmacy - INFO - Shutting down Where is my Medicine? API...
2026-03-08 22:39:53,074 - go-pharmacy - INFO - TabletRecognizerService initialized (Connected to Qdrant Cloud: tablets)
2026-03-08 22:39:53,075 - go-pharmacy - INFO - TabletRecognizerService initialized (Connected to Qdrant Cloud: tablets)
2026-03-08 22:39:53,077 - go-pharmacy - INFO - TabletRecognizerService initialized (Connected to Qdrant Cloud: tablets)
2026-03-08 22:40:02,350 - go-pharmacy - INFO - SymptomSearchService initialized (Connected to Qdrant Cloud: symptoms)
2026-03-08 22:40:02,351 - go-pharmacy - INFO - SymptomSearchService initialized (Connected to Qdrant Cloud: symptoms)
2026-03-08 22:40:02,352 - go-pharmacy - INFO - SymptomSearchService initialized (Connected to Qdrant Cloud: symptoms)
2026-03-08 22:40:02,362 - go-pharmacy - INFO - Starting Where is my Medicine? API...
2026-03-08 22:40:02,362 - go-pharmacy - INFO - Starting Where is my Medicine? API...
2026-03-08 22:40:02,362 - go-pharmacy - INFO - Starting Where is my Medicine? API...
2026-03-08 22:40:02,968 - go-pharmacy - INFO - Shutting down Where is my Medicine? API...
2026-03-08 22:40:15,260 - go-pharmacy - INFO - TabletRecognizerService initialized (Connected to Qdrant Cloud: tablets)
2026-03-08 22:40:18,915 - go-pharmacy - INFO - SymptomSearchService initialized (Connected to Qdrant Cloud: symptoms)
2026-03-08 22:40:18,924 - go-pharmacy - INFO - Starting Where is my Medicine? API...
2026-03-08 23:40:24,965 - go-pharmacy - INFO - --> Incoming API Request: POST /api/tablet-photo | Query: 
2026-03-08 23:40:25,037 - go-pharmacy - INFO - Processing tablet photo upload: avastin.jpg
2026-03-08 23:40:26,945 - go-pharmacy - INFO - Loading Vision model for tablet recognition...
2026-03-08 23:40:27,559 - go-pharmacy - INFO - Identifying tablet image...
2026-03-08 23:40:34,174 - go-pharmacy - INFO - <-- Outgoing API Response: POST /api/tablet-photo | Status: 200 | Time: 9.211s
2026-03-08 23:40:34,180 - go-pharmacy - INFO - --> Incoming API Request: GET /api/search-medicine | Query: q=Prandial+M+0.3+Tablet
2026-03-08 23:40:34,182 - go-pharmacy - INFO - Medicine search query: Prandial M 0.3 Tablet
2026-03-08 23:40:34,223 - go-pharmacy - INFO - <-- Outgoing API Response: GET /api/search-medicine | Status: 200 | Time: 0.044s
2026-03-08 23:40:34,228 - go-pharmacy - INFO - --> Incoming API Request: GET /api/pharmacies-nearby | Query: medicine=Prandial+M+0.3+Tablet&lat=11.0168&lon=76.9558
2026-03-08 23:40:34,246 - go-pharmacy - INFO - Finding nearby pharmacies for medicine: Prandial M 0.3 Tablet at (11.0168, 76.9558) within 5km
2026-03-08 23:40:36,800 - go-pharmacy - INFO - <-- Outgoing API Response: GET /api/pharmacies-nearby | Status: 200 | Time: 2.572s
2026-03-08 23:40:47,774 - go-pharmacy - INFO - --> Incoming API Request: POST /api/tablet-photo | Query: 
2026-03-08 23:40:47,776 - go-pharmacy - INFO - Processing tablet photo upload: avastin.jpg
2026-03-08 23:40:48,646 - go-pharmacy - INFO - Identifying tablet image...
2026-03-08 23:40:49,362 - go-pharmacy - INFO - <-- Outgoing API Response: POST /api/tablet-photo | Status: 200 | Time: 1.589s
2026-03-08 23:40:49,366 - go-pharmacy - INFO - --> Incoming API Request: GET /api/search-medicine | Query: q=Prandial+M+0.3+Tablet
2026-03-08 23:40:49,366 - go-pharmacy - INFO - Medicine search query: Prandial M 0.3 Tablet
2026-03-08 23:40:49,397 - go-pharmacy - INFO - <-- Outgoing API Response: GET /api/search-medicine | Status: 200 | Time: 0.031s
2026-03-08 23:40:49,402 - go-pharmacy - INFO - --> Incoming API Request: GET /api/pharmacies-nearby | Query: medicine=Prandial+M+0.3+Tablet&lat=11.058765500000002&lon=76.98780916666666
2026-03-08 23:40:49,404 - go-pharmacy - INFO - Finding nearby pharmacies for medicine: Prandial M 0.3 Tablet at (11.058765500000002, 76.98780916666666) within 5km
2026-03-08 23:40:49,628 - go-pharmacy - INFO - <-- Outgoing API Response: GET /api/pharmacies-nearby | Status: 200 | Time: 0.226s
2026-03-08 23:42:37,370 - go-pharmacy - INFO - --> Incoming API Request: GET /api/search-medicine | Query: q=dolo
2026-03-08 23:42:37,370 - go-pharmacy - INFO - Medicine search query: dolo
2026-03-08 23:42:37,419 - go-pharmacy - INFO - <-- Outgoing API Response: GET /api/search-medicine | Status: 200 | Time: 0.049s
2026-03-08 23:42:37,425 - go-pharmacy - INFO - --> Incoming API Request: GET /api/pharmacies-nearby | Query: medicine=Katadol+Capsule&lat=11.05878860686935&lon=76.98777704914237
2026-03-08 23:42:37,426 - go-pharmacy - INFO - Finding nearby pharmacies for medicine: Katadol Capsule at (11.05878860686935, 76.98777704914237) within 5km
2026-03-08 23:42:37,627 - go-pharmacy - INFO - <-- Outgoing API Response: GET /api/pharmacies-nearby | Status: 200 | Time: 0.202s
2026-03-08 23:42:59,910 - go-pharmacy - INFO - --> Incoming API Request: GET /api/search-medicine | Query: q=atarax
2026-03-08 23:42:59,911 - go-pharmacy - INFO - Medicine search query: atarax
2026-03-08 23:42:59,953 - go-pharmacy - INFO - <-- Outgoing API Response: GET /api/search-medicine | Status: 200 | Time: 0.043s
2026-03-08 23:42:59,958 - go-pharmacy - INFO - --> Incoming API Request: GET /api/pharmacies-nearby | Query: medicine=Atarax+25mg+Tablet&lat=11.05878860686935&lon=76.98777704914237
2026-03-08 23:42:59,959 - go-pharmacy - INFO - Finding nearby pharmacies for medicine: Atarax 25mg Tablet at (11.05878860686935, 76.98777704914237) within 5km
2026-03-08 23:43:00,279 - go-pharmacy - INFO - <-- Outgoing API Response: GET /api/pharmacies-nearby | Status: 200 | Time: 0.322s
2026-03-08 23:43:09,851 - go-pharmacy - INFO - --> Incoming API Request: GET /api/symptom-search | Query: symptoms=fever
2026-03-08 23:43:09,854 - go-pharmacy - INFO - Symptom search query: fever
2026-03-08 23:43:09,855 - go-pharmacy - INFO - Loading BAAI/bge-small-en-v1.5 model for symptom search...
2026-03-08 23:43:15,964 - go-pharmacy - INFO - Symptom search query: fever
2026-03-08 23:43:17,044 - go-pharmacy - INFO - Found 5 matches in Qdrant.
2026-03-08 23:43:17,045 - go-pharmacy - INFO - <-- Outgoing API Response: GET /api/symptom-search | Status: 200 | Time: 7.194s
2026-03-08 23:43:17,051 - go-pharmacy - INFO - --> Incoming API Request: GET /api/pharmacies-nearby | Query: medicine=Admol+Junior+125mg+Tablet&lat=11.05878860686935&lon=76.98777704914237
2026-03-08 23:43:17,052 - go-pharmacy - INFO - Finding nearby pharmacies for medicine: Admol Junior 125mg Tablet at (11.05878860686935, 76.98777704914237) within 5km
2026-03-08 23:43:17,692 - go-pharmacy - INFO - <-- Outgoing API Response: GET /api/pharmacies-nearby | Status: 200 | Time: 0.642s
2026-03-08 23:50:25,784 - go-pharmacy - INFO - --> Incoming API Request: GET /api/search-medicine | Query: q=atarax
2026-03-08 23:50:25,785 - go-pharmacy - INFO - Medicine search query: atarax
2026-03-08 23:50:25,839 - go-pharmacy - INFO - <-- Outgoing API Response: GET /api/search-medicine | Status: 200 | Time: 0.055s
2026-03-08 23:50:25,843 - go-pharmacy - INFO - --> Incoming API Request: GET /api/pharmacies-nearby | Query: medicine=Atarax+25mg+Tablet&lat=11.058749550471397&lon=76.987694920784
2026-03-08 23:50:25,845 - go-pharmacy - INFO - Finding nearby pharmacies for medicine: Atarax 25mg Tablet at (11.058749550471397, 76.987694920784) within 5km
2026-03-08 23:50:26,124 - go-pharmacy - INFO - <-- Outgoing API Response: GET /api/pharmacies-nearby | Status: 200 | Time: 0.280s
2026-03-08 23:50:55,255 - go-pharmacy - INFO - --> Incoming API Request: GET /api/symptom-search | Query: symptoms=fever
2026-03-08 23:50:55,256 - go-pharmacy - INFO - Symptom search query: fever
2026-03-08 23:50:55,257 - go-pharmacy - INFO - Symptom search query: fever
2026-03-08 23:50:56,309 - go-pharmacy - INFO - Found 5 matches in Qdrant.
2026-03-08 23:50:56,313 - go-pharmacy - INFO - <-- Outgoing API Response: GET /api/symptom-search | Status: 200 | Time: 1.057s
2026-03-08 23:50:56,323 - go-pharmacy - INFO - --> Incoming API Request: GET /api/pharmacies-nearby | Query: medicine=Admol+Junior+125mg+Tablet&lat=11.058749550471397&lon=76.987694920784
2026-03-08 23:50:56,327 - go-pharmacy - INFO - Finding nearby pharmacies for medicine: Admol Junior 125mg Tablet at (11.058749550471397, 76.987694920784) within 5km
2026-03-08 23:50:56,484 - go-pharmacy - INFO - <-- Outgoing API Response: GET /api/pharmacies-nearby | Status: 200 | Time: 0.161s
2026-03-08 23:51:13,469 - go-pharmacy - INFO - --> Incoming API Request: POST /api/tablet-photo | Query: 
2026-03-08 23:51:13,471 - go-pharmacy - INFO - Processing tablet photo upload: avastin.jpg
2026-03-08 23:51:16,270 - go-pharmacy - INFO - Identifying tablet image...
2026-03-08 23:51:17,242 - go-pharmacy - INFO - <-- Outgoing API Response: POST /api/tablet-photo | Status: 200 | Time: 3.773s
2026-03-08 23:51:17,251 - go-pharmacy - INFO - --> Incoming API Request: GET /api/search-medicine | Query: q=Prandial+M+0.3+Tablet
2026-03-08 23:51:17,252 - go-pharmacy - INFO - Medicine search query: Prandial M 0.3 Tablet
2026-03-08 23:51:17,355 - go-pharmacy - INFO - <-- Outgoing API Response: GET /api/search-medicine | Status: 200 | Time: 0.104s
2026-03-08 23:51:17,363 - go-pharmacy - INFO - --> Incoming API Request: GET /api/pharmacies-nearby | Query: medicine=Prandial+M+0.3+Tablet&lat=11.058749550471397&lon=76.987694920784
2026-03-08 23:51:17,367 - go-pharmacy - INFO - Finding nearby pharmacies for medicine: Prandial M 0.3 Tablet at (11.058749550471397, 76.987694920784) within 5km
2026-03-08 23:51:17,689 - go-pharmacy - INFO - <-- Outgoing API Response: GET /api/pharmacies-nearby | Status: 200 | Time: 0.326s
